Component: ARM Compiler 5.05 (build 41) Tool: armlink [4d0eb9]

==============================================================================

Section Cross References

    main.o(.text) refers to _printf_percent.o(.ARM.Collect$$_printf_percent$$00000000) for _printf_percent
    main.o(.text) refers to _printf_f.o(.ARM.Collect$$_printf_percent$$00000003) for _printf_f
    main.o(.text) refers to printf1.o(x$fpl$printf1) for _printf_fp_dec
    main.o(.text) refers to fmul.o(x$fpl$fmul) for __aeabi_fmul
    main.o(.text) refers to f2d.o(x$fpl$f2d) for __aeabi_f2d
    main.o(.text) refers to ddiv.o(x$fpl$ddiv) for __aeabi_ddiv
    main.o(.text) refers to d2f.o(x$fpl$d2f) for __aeabi_d2f
    main.o(.text) refers to dmul.o(x$fpl$dmul) for __aeabi_dmul
    main.o(.text) refers to delay.o(.text) for delay_init
    main.o(.text) refers to misc.o(.text) for NVIC_PriorityGroupConfig
    main.o(.text) refers to usart.o(.text) for uart_init
    main.o(.text) refers to led.o(.text) for LED_Init
    main.o(.text) refers to key.o(.text) for KEY_Init
    main.o(.text) refers to cos.o(i.cos) for cos
    main.o(.text) refers to noretval__2printf.o(.text) for __2printf
    main.o(.text) refers to sin.o(i.sin) for sin
    main.o(.text) refers to tan.o(i.tan) for tan
    main.o(.text) refers to acos.o(i.acos) for acos
    main.o(.text) refers to asin.o(i.asin) for asin
    main.o(.text) refers to atan.o(i.atan) for atan
    system_stm32f10x.o(.text) refers to system_stm32f10x.o(.data) for SystemCoreClock
    led.o(.text) refers to stm32f10x_rcc.o(.text) for RCC_APB2PeriphClockCmd
    led.o(.text) refers to stm32f10x_gpio.o(.text) for GPIO_Init
    key.o(.text) refers to stm32f10x_rcc.o(.text) for RCC_APB2PeriphClockCmd
    key.o(.text) refers to stm32f10x_gpio.o(.text) for GPIO_Init
    key.o(.text) refers to delay.o(.text) for delay_ms
    key.o(.text) refers to key.o(.data) for key_up
    delay.o(.text) refers to misc.o(.text) for SysTick_CLKSourceConfig
    delay.o(.text) refers to system_stm32f10x.o(.data) for SystemCoreClock
    delay.o(.text) refers to delay.o(.data) for fac_us
    usart.o(.text) refers (Special) to use_no_semi_2.o(.text) for __use_no_semihosting
    usart.o(.text) refers to stm32f10x_rcc.o(.text) for RCC_APB2PeriphClockCmd
    usart.o(.text) refers to stm32f10x_gpio.o(.text) for GPIO_Init
    usart.o(.text) refers to misc.o(.text) for NVIC_Init
    usart.o(.text) refers to stm32f10x_usart.o(.text) for USART_Init
    usart.o(.text) refers to usart.o(.data) for USART_RX_STA
    usart.o(.text) refers to usart.o(.bss) for USART_RX_BUF
    usart.o(.bss) refers (Special) to use_no_semi_2.o(.text) for __use_no_semihosting
    usart.o(.data) refers (Special) to use_no_semi_2.o(.text) for __use_no_semihosting
    startup_stm32f10x_hd.o(STACK) refers (Special) to heapauxi.o(.text) for __use_two_region_memory
    startup_stm32f10x_hd.o(HEAP) refers (Special) to heapauxi.o(.text) for __use_two_region_memory
    startup_stm32f10x_hd.o(RESET) refers (Special) to heapauxi.o(.text) for __use_two_region_memory
    startup_stm32f10x_hd.o(RESET) refers to startup_stm32f10x_hd.o(STACK) for __initial_sp
    startup_stm32f10x_hd.o(RESET) refers to startup_stm32f10x_hd.o(.text) for Reset_Handler
    startup_stm32f10x_hd.o(RESET) refers to stm32f10x_it.o(.text) for NMI_Handler
    startup_stm32f10x_hd.o(RESET) refers to usart.o(.text) for USART1_IRQHandler
    startup_stm32f10x_hd.o(.text) refers (Special) to heapauxi.o(.text) for __use_two_region_memory
    startup_stm32f10x_hd.o(.text) refers to system_stm32f10x.o(.text) for SystemInit
    startup_stm32f10x_hd.o(.text) refers to __main.o(!!!main) for __main
    startup_stm32f10x_hd.o(.text) refers to startup_stm32f10x_hd.o(HEAP) for Heap_Mem
    startup_stm32f10x_hd.o(.text) refers to startup_stm32f10x_hd.o(STACK) for Stack_Mem
    stm32f10x_gpio.o(.text) refers to stm32f10x_rcc.o(.text) for RCC_APB2PeriphResetCmd
    stm32f10x_rcc.o(.text) refers to stm32f10x_rcc.o(.data) for APBAHBPrescTable
    stm32f10x_usart.o(.text) refers to stm32f10x_rcc.o(.text) for RCC_APB2PeriphResetCmd
    use_no_semi_2.o(.text) refers (Special) to use_no_semi.o(.text) for __use_no_semihosting_swi
    __2printf.o(.text) refers to _printf_char_file.o(.text) for _printf_char_file
    __2printf.o(.text) refers to usart.o(.data) for __stdout
    noretval__2printf.o(.text) refers to _printf_char_file.o(.text) for _printf_char_file
    noretval__2printf.o(.text) refers to usart.o(.data) for __stdout
    __printf.o(.text) refers to _printf_percent.o(.ARM.Collect$$_printf_percent$$00000000) for _printf_percent
    __printf_flags.o(.text) refers to _printf_percent.o(.ARM.Collect$$_printf_percent$$00000000) for _printf_percent
    __printf_flags.o(.text) refers to __printf_flags.o(.constdata) for .constdata
    __printf_ss.o(.text) refers to _printf_percent.o(.ARM.Collect$$_printf_percent$$00000000) for _printf_percent
[...]
    rt_raise.o(.text) refers to __raise.o(.text) for __raise
    rt_raise.o(.text) refers to usart.o(.text) for _sys_exit
    defsig_exit.o(.text) refers to usart.o(.text) for _sys_exit
    defsig_rtmem_inner.o(.text) refers to defsig_general.o(.text) for __default_signal_display
    __raise.o(.text) refers to defsig.o(CL$$defsig) for __default_signal_handler
    defsig_general.o(.text) refers to sys_wrch.o(.text) for _ttywrch
    sys_wrch.o(.text) refers (Special) to use_no_semi.o(.text) for __I$use$semihosting
    sys_wrch.o(.text) refers (Special) to indicate_semi.o(.text) for __semihosting_library_function
    defsig.o(CL$$defsig) refers to defsig_rtmem_inner.o(.text) for __rt_SIGRTMEM_inner
    defsig_abrt_inner.o(.text) refers to defsig_general.o(.text) for __default_signal_display
    defsig_fpe_inner.o(.text) refers to defsig_general.o(.text) for __default_signal_display
    defsig_rtred_inner.o(.text) refers to defsig_general.o(.text) for __default_signal_display
    defsig_stak_inner.o(.text) refers to defsig_general.o(.text) for __default_signal_display
    defsig_pvfn_inner.o(.text) refers to defsig_general.o(.text) for __default_signal_display
    defsig_cppl_inner.o(.text) refers to defsig_general.o(.text) for __default_signal_display
    defsig_segv_inner.o(.text) refers to defsig_general.o(.text) for __default_signal_display
    defsig_other.o(.text) refers to defsig_general.o(.text) for __default_signal_display


==============================================================================

Removing Unused input sections from the image.

    Removing sys.o(.emb_text), (6 bytes).
    Removing sys.o(.text), (12 bytes).
    Removing core_cm3.o(.emb_text), (32 bytes).

3 unused section(s) (total 50 bytes) removed from the image.

==============================================================================

Image Symbol Table

    Local Symbols

    Symbol Name                              Value     Ov Type        Size  Object(Section)

    ../clib/angel/boardlib.s                 0x00000000   Number         0  boardshut.o ABSOLUTE
    ../clib/angel/boardlib.s                 0x00000000   Number         0  boardinit3.o ABSOLUTE
    ../clib/angel/boardlib.s                 0x00000000   Number         0  boardinit2.o ABSOLUTE
    ../clib/angel/boardlib.s                 0x00000000   Number         0  boardinit1.o ABSOLUTE
    ../clib/angel/handlers.s                 0x00000000   Number         0  __scatter_copy.o ABSOLUTE
    ../clib/angel/handlers.s                 0x00000000   Number         0  __scatter_zi.o ABSOLUTE
    ../clib/angel/kernel.s                   0x00000000   Number         0  rtexit2.o ABSOLUTE
    ../clib/angel/kernel.s                   0x00000000   Number         0  rtexit.o ABSOLUTE
    ../clib/angel/kernel.s                   0x00000000   Number         0  __rtentry4.o ABSOLUTE
    ../clib/angel/kernel.s                   0x00000000   Number         0  __rtentry2.o ABSOLUTE
    ../clib/angel/kernel.s                   0x00000000   Number         0  __rtentry.o ABSOLUTE
    ../clib/angel/rt.s                       0x00000000   Number         0  rt_errno_addr_intlibspace.o ABSOLUTE
    ../clib/angel/rt.s                       0x00000000   Number         0  rt_errno_addr.o ABSOLUTE
    ../clib/angel/rt.s                       0x00000000   Number         0  rt_locale_intlibspace.o ABSOLUTE
    ../clib/angel/rt.s                       0x00000000   Number         0  rt_locale.o ABSOLUTE
    ../clib/angel/rt.s                       0x00000000   Number         0  rt_raise.o ABSOLUTE
    ../clib/angel/scatter.s                  0x00000000   Number         0  __scatter.o ABSOLUTE
    ../clib/angel/startup.s                  0x00000000   Number         0  __main.o ABSOLUTE
    ../clib/angel/sys.s                      0x00000000   Number         0  libspace.o ABSOLUTE
    ../clib/angel/sys.s                      0x00000000   Number         0  use_no_semi.o ABSOLUTE
    ../clib/angel/sys.s                      0x00000000   Number         0  use_no_semi_2.o ABSOLUTE
    ../clib/angel/sys.s                      0x00000000   Number         0  sys_stackheap_outer.o ABSOLUTE
    ../clib/angel/sys.s                      0x00000000   Number         0  indicate_semi.o ABSOLUTE
    ../clib/angel/sysapp.c                   0x00000000   Number         0  sys_command.o ABSOLUTE
    ../clib/angel/sysapp.c                   0x00000000   Number         0  sys_wrch.o ABSOLUTE
    ../clib/armsys.c                         0x00000000   Number         0  no_argv.o ABSOLUTE
    ../clib/armsys.c                         0x00000000   Number         0  argv_veneer.o ABSOLUTE
    ../clib/armsys.c                         0x00000000   Number         0  argv_veneer.o ABSOLUTE
    ../clib/armsys.c                         0x00000000   Number         0  _get_argv_nomalloc.o ABSOLUTE
    ../clib/bigflt.c                         0x00000000   Number         0  bigflt0.o ABSOLUTE
    ../clib/btod.s                           0x00000000   Number         0  btod.o ABSOLUTE
    ../clib/fenv.c                           0x00000000   Number         0  _rserrno.o ABSOLUTE
    ../clib/heapalloc.c                      0x00000000   Number         0  hrguard.o ABSOLUTE
    ../clib/heapaux.c                        0x00000000   Number         0  heapauxi.o ABSOLUTE
    ../clib/libinit.s                        0x00000000   Number         0  libinit.o ABSOLUTE
    ../clib/libinit.s                        0x00000000   Number         0  libinit2.o ABSOLUTE
    ../clib/libinit.s                        0x00000000   Number         0  libshutdown2.o ABSOLUTE
    ../clib/libinit.s                        0x00000000   Number         0  libshutdown.o ABSOLUTE
    ../clib/locale.s                         0x00000000   Number         0  lc_numeric_c.o ABSOLUTE
    ../clib/longlong.s                       0x00000000   Number         0  lludiv10.o ABSOLUTE
    ../clib/memcpset.s                       0x00000000   Number         0  strcmpv7m.o ABSOLUTE
    ../clib/printf.c                         0x00000000   Number         0  __printf_ss.o ABSOLUTE
    ../clib/printf.c                         0x00000000   Number         0  __printf_flags_ss.o ABSOLUTE
    ../clib/printf.c                         0x00000000   Number         0  __printf_wp.o ABSOLUTE
    ../clib/printf.c                         0x00000000   Number         0  __printf_ss_wp.o ABSOLUTE
    ../clib/printf.c                         0x00000000   Number         0  __printf_flags_ss_wp.o ABSOLUTE
    ../clib/printf.c                         0x00000000   Number         0  __printf_nopercent.o ABSOLUTE
    ../clib/printf.c                         0x00000000   Number         0  __printf_flags_wp.o ABSOLUTE
    ../clib/printf.c                         0x00000000   Number         0  _printf_fp_dec.o ABSOLUTE
    ../clib/printf.c                         0x00000000   Number         0  _printf_char_file.o ABSOLUTE
    ../clib/printf.c                         0x00000000   Number         0  _printf_fp_infnan.o ABSOLUTE
    ../clib/printf.c                         0x00000000   Number         0  __2printf.o ABSOLUTE
    ../clib/printf.c                         0x00000000   Number         0  noretval__2printf.o ABSOLUTE
    ../clib/printf.c                         0x00000000   Number         0  _printf_char_common.o ABSOLUTE
    ../clib/printf.c                         0x00000000   Number         0  __printf.o ABSOLUTE
    ../clib/printf.c                         0x00000000   Number         0  __printf_flags.o ABSOLUTE
    ../clib/printf_percent.s                 0x00000000   Number         0  _printf_f.o ABSOLUTE
    ../clib/printf_percent.s                 0x00000000   Number         0  _printf_percent.o ABSOLUTE
    ../clib/printf_percent.s                 0x00000000   Number         0  _printf_percent_end.o ABSOLUTE
    ../clib/signal.c                         0x00000000   Number         0  defsig_rtmem_formal.o ABSOLUTE
    ../clib/signal.c                         0x00000000   Number         0  defsig_pvfn_inner.o ABSOLUTE
    ../clib/signal.c                         0x00000000   Number         0  defsig_stak_inner.o ABSOLUTE
    ../clib/signal.c                         0x00000000   Number         0  defsig_rtred_inner.o ABSOLUTE
    ../clib/signal.c                         0x00000000   Number         0  defsig_fpe_inner.o ABSOLUTE
    ../clib/signal.c                         0x00000000   Number         0  defsig_segv_inner.o ABSOLUTE
    ../clib/signal.c                         0x00000000   Number         0  defsig_abrt_inner.o ABSOLUTE
    ../clib/signal.c                         0x00000000   Number         0  defsig_rtmem_outer.o ABSOLUTE
    ../clib/signal.c                         0x00000000   Number         0  defsig_cppl_inner.o ABSOLUTE
    ../clib/signal.c                         0x00000000   Number         0  defsig_other.o ABSOLUTE
    ../clib/signal.c                         0x00000000   Number         0  defsig_rtmem_inner.o ABSOLUTE
    ../clib/signal.c                         0x00000000   Number         0  __raise.o ABSOLUTE
    ../clib/signal.c                         0x00000000   Number         0  defsig_exit.o ABSOLUTE
    ../clib/signal.c                         0x00000000   Number         0  defsig_general.o ABSOLUTE
    ../clib/signal.s                         0x00000000   Number         0  defsig.o ABSOLUTE
    ../clib/stdio.c                          0x00000000   Number         0  ferror_locked.o ABSOLUTE
    ../clib/stdio.c                          0x00000000   Number         0  ferror.o ABSOLUTE
    ../clib/stdlib.c                         0x00000000   Number         0  exit.o ABSOLUTE
    ../fplib/d2f.s                           0x00000000   Number         0  d2f.o ABSOLUTE
    ../fplib/daddsub.s                       0x00000000   Number         0  daddsub_clz.o ABSOLUTE
    ../fplib/dcheck1.s                       0x00000000   Number         0  dcheck1.o ABSOLUTE
    ../fplib/dcmpi.s                         0x00000000   Number         0  dcmpi.o ABSOLUTE
    ../fplib/ddiv.s                          0x00000000   Number         0  ddiv.o ABSOLUTE
    ../fplib/dfix.s                          0x00000000   Number         0  dfix.o ABSOLUTE
    ../fplib/dflt.s                          0x00000000   Number         0  dflt_clz.o ABSOLUTE
    ../fplib/dleqf.s                         0x00000000   Number         0  dleqf.o ABSOLUTE
    ../fplib/dmul.s                          0x00000000   Number         0  dmul.o ABSOLUTE
    ../fplib/dnaninf.s                       0x00000000   Number         0  dnaninf.o ABSOLUTE
    ../fplib/dretinf.s                       0x00000000   Number         0  dretinf.o ABSOLUTE
    ../fplib/dsqrt.s                         0x00000000   Number         0  dsqrt_noumaal.o ABSOLUTE
    ../fplib/f2d.s                           0x00000000   Number         0  f2d.o ABSOLUTE
    ../fplib/fmul.s                          0x00000000   Number         0  fmul.o ABSOLUTE
    ../fplib/fnaninf.s                       0x00000000   Number         0  fnaninf.o ABSOLUTE
    ../fplib/fpinit.s                        0x00000000   Number         0  fpinit.o ABSOLUTE
    ../fplib/fretinf.s                       0x00000000   Number         0  fretinf.o ABSOLUTE
    ../fplib/istatus.s                       0x00000000   Number         0  istatus.o ABSOLUTE
    ../fplib/printf1.s                       0x00000000   Number         0  printf1.o ABSOLUTE
    ../fplib/retnan.s                        0x00000000   Number         0  retnan.o ABSOLUTE
    ../fplib/scalbn.s                        0x00000000   Number         0  scalbn.o ABSOLUTE
    ../fplib/trapv.s                         0x00000000   Number         0  trapv.o ABSOLUTE
    ../fplib/usenofp.s                       0x00000000   Number         0  usenofp.o ABSOLUTE
    ../mathlib/acos.c                        0x00000000   Number         0  acos.o ABSOLUTE
    ../mathlib/acos.c                        0x00000000   Number         0  acos_x.o ABSOLUTE
    ../mathlib/asin.c                        0x00000000   Number         0  asin.o ABSOLUTE
    ../mathlib/asin.c                        0x00000000   Number         0  asin_x.o ABSOLUTE
    ../mathlib/atan.c                        0x00000000   Number         0  atan_x.o ABSOLUTE
    ../mathlib/atan.c                        0x00000000   Number         0  atan.o ABSOLUTE
    ../mathlib/cos.c                         0x00000000   Number         0  cos.o ABSOLUTE
    ../mathlib/cos.c                         0x00000000   Number         0  cos_x.o ABSOLUTE
    ../mathlib/cos_i.c                       0x00000000   Number         0  cos_i.o ABSOLUTE
    ../mathlib/dunder.c                      0x00000000   Number         0  dunder.o ABSOLUTE
    ../mathlib/fpclassify.c                  0x00000000   Number         0  fpclassify.o ABSOLUTE
    ../mathlib/poly.c                        0x00000000   Number         0  poly.o ABSOLUTE
    ../mathlib/rred.c                        0x00000000   Number         0  rred.o ABSOLUTE
    ../mathlib/sin.c                         0x00000000   Number         0  sin.o ABSOLUTE
    ../mathlib/sin.c                         0x00000000   Number         0  sin_x.o ABSOLUTE
    ../mathlib/sin_i.c                       0x00000000   Number         0  sin_i_x.o ABSOLUTE
    ../mathlib/sin_i.c                       0x00000000   Number         0  sin_i.o ABSOLUTE
    ../mathlib/sqrt.c                        0x00000000   Number         0  sqrt.o ABSOLUTE
    ../mathlib/sqrt.c                        0x00000000   Number         0  sqrt_x.o ABSOLUTE
    ../mathlib/tan.c                         0x00000000   Number         0  tan_x.o ABSOLUTE
    ../mathlib/tan.c                         0x00000000   Number         0  tan.o ABSOLUTE
    ../mathlib/tan_i.c                       0x00000000   Number         0  tan_i_x.o ABSOLUTE
    ../mathlib/tan_i.c                       0x00000000   Number         0  tan_i.o ABSOLUTE
    ..\CORE\core_cm3.c                       0x00000000   Number         0  core_cm3.o ABSOLUTE
    ..\CORE\startup_stm32f10x_hd.s           0x00000000   Number         0  startup_stm32f10x_hd.o ABSOLUTE
    ..\HARDWARE\KEY\key.c                    0x00000000   Number         0  key.o ABSOLUTE
    ..\HARDWARE\LED\led.c                    0x00000000   Number         0  led.o ABSOLUTE
    ..\STM32F10x_FWLib\src\misc.c            0x00000000   Number         0  misc.o ABSOLUTE
    ..\STM32F10x_FWLib\src\stm32f10x_gpio.c  0x00000000   Number         0  stm32f10x_gpio.o ABSOLUTE
    ..\STM32F10x_FWLib\src\stm32f10x_rcc.c   0x00000000   Number         0  stm32f10x_rcc.o ABSOLUTE
    ..\STM32F10x_FWLib\src\stm32f10x_usart.c 0x00000000   Number         0  stm32f10x_usart.o ABSOLUTE
    ..\SYSTEM\delay\delay.c                  0x00000000   Number         0  delay.o ABSOLUTE
    ..\SYSTEM\sys\sys.c                      0x00000000   Number         0  sys.o ABSOLUTE
    ..\SYSTEM\usart\usart.c                  0x00000000   Number         0  usart.o ABSOLUTE
    ..\\CORE\\core_cm3.c                     0x00000000   Number         0  core_cm3.o ABSOLUTE
    ..\\SYSTEM\\sys\\sys.c                   0x00000000   Number         0  sys.o ABSOLUTE
    dc.s                                     0x00000000   Number         0  dc.o ABSOLUTE
    main.c                                   0x00000000   Number         0  main.o ABSOLUTE
    stm32f10x_it.c                           0x00000000   Number         0  stm32f10x_it.o ABSOLUTE
    system_stm32f10x.c                       0x00000000   Number         0  system_stm32f10x.o ABSOLUTE
    RESET                                    0x08000000   Section      304  startup_stm32f10x_hd.o(RESET)
    !!!main                                  0x08000130   Section        8  __main.o(!!!main)
    !!!scatter                               0x08000138   Section       52  __scatter.o(!!!scatter)
    !!handler_copy                           0x0800016c   Section       26  __scatter_copy.o(!!handler_copy)
    !!handler_zi                             0x08000188   Section       28  __scatter_zi.o(!!handler_zi)
    .ARM.Collect$$_printf_percent$$00000000  0x080001a4   Section        0  _printf_percent.o(.ARM.Collect$$_printf_percent$$00000000)
    .ARM.Collect$$_printf_percent$$00000003  0x080001a4   Section        6  _printf_f.o(.ARM.Collect$$_printf_percent$$00000003)
    .ARM.Collect$$_printf_percent$$00000017  0x080001aa   Section        4  _printf_percent_end.o(.ARM.Collect$$_printf_percent$$00000017)
    .ARM.Collect$$libinit$$00000000          0x080001ae   Section        2  libinit.o(.ARM.Collect$$libinit$$00000000)
    .ARM.Collect$$libinit$$00000002          0x080001b0   Section        0  libinit2.o(.ARM.Collect$$libinit$$00000002)
    .ARM.Collect$$libinit$$00000004          0x080001b0   Section        0  libinit2.o(.ARM.Collect$$libinit$$00000004)
    .ARM.Collect$$libinit$$0000000A          0x080001b0   Section        0  libinit2.o(.ARM.Collect$$libinit$$0000000A)
    .ARM.Collect$$libinit$$0000000C          0x080001b0   Section        0  libinit2.o(.ARM.Collect$$libinit$$0000000C)
    .ARM.Collect$$libinit$$0000000E          0x080001b0   Section        0  libinit2.o(.ARM.Collect$$libinit$$0000000E)
    .ARM.Collect$$libinit$$0000000F          0x080001b0   Section        6  libinit2.o(.ARM.Collect$$libinit$$0000000F)
    .ARM.Collect$$libinit$$00000011          0x080001b6   Section        0  libinit2.o(.ARM.Collect$$libinit$$00000011)
    .ARM.Collect$$libinit$$00000013          0x080001b6   Section        0  libinit2.o(.ARM.Collect$$libinit$$00000013)
    .ARM.Collect$$libinit$$00000015          0x080001b6   Section        0  libinit2.o(.ARM.Collect$$libinit$$00000015)
    .ARM.Collect$$libinit$$00000016          0x080001b6   Section       10  libinit2.o(.ARM.Collect$$libinit$$00000016)
    .ARM.Collect$$libinit$$00000017          0x080001c0   Section        0  libinit2.o(.ARM.Collect$$libinit$$00000017)
    .ARM.Collect$$libinit$$00000019          0x080001c0   Section        0  libinit2.o(.ARM.Collect$$libinit$$00000019)
    .ARM.Collect$$libinit$$0000001B          0x080001c0   Section        0  libinit2.o(.ARM.Collect$$libinit$$0000001B)
    .ARM.Collect$$libinit$$0000001D          0x080001c0   Section        0  libinit2.o(.ARM.Collect$$libinit$$0000001D)
    .ARM.Collect$$libinit$$0000001F          0x080001c0   Section        0  libinit2.o(.ARM.Collect$$libinit$$0000001F)
    .ARM.Collect$$libinit$$00000021          0x080001c0   Section        0  libinit2.o(.ARM.Collect$$libinit$$00000021)
    .ARM.Collect$$libinit$$00000023          0x080001c0   Section        0  libinit2.o(.ARM.Collect$$libinit$$00000023)
    .ARM.Collect$$libinit$$00000025          0x080001c0   Section        0  libinit2.o(.ARM.Collect$$libinit$$00000025)
    .ARM.Collect$$libinit$$0000002C          0x080001c0   Section        0  libinit2.o(.ARM.Collect$$libinit$$0000002C)
    .ARM.Collect$$libinit$$0000002E          0x080001c0   Section        0  libinit2.o(.ARM.Collect$$libinit$$0000002E)
    .ARM.Collect$$libinit$$00000030          0x080001c0   Section        0  libinit2.o(.ARM.Collect$$libinit$$00000030)
    .ARM.Collect$$libinit$$00000032          0x080001c0   Section        0  libinit2.o(.ARM.Collect$$libinit$$00000032)
    .ARM.Collect$$libinit$$00000033          0x080001c0   Section        2  libinit2.o(.ARM.Collect$$libinit$$00000033)
    .ARM.Collect$$libshutdown$$00000000      0x080001c2   Section        2  libshutdown.o(.ARM.Collect$$libshutdown$$00000000)
    .ARM.Collect$$libshutdown$$00000003      0x080001c4   Section        0  libshutdown2.o(.ARM.Collect$$libshutdown$$00000003)
    .ARM.Collect$$libshutdown$$00000006      0x080001c4   Section        0  libshutdown2.o(.ARM.Collect$$libshutdown$$00000006)
    .ARM.Collect$$libshutdown$$00000009      0x080001c4   Section        0  libshutdown2.o(.ARM.Collect$$libshutdown$$00000009)
    .ARM.Collect$$libshutdown$$0000000B      0x080001c4   Section        0  libshutdown2.o(.ARM.Collect$$libshutdown$$0000000B)
    .ARM.Collect$$libshutdown$$0000000E      0x080001c4   Section        0  libshutdown2.o(.ARM.Collect$$libshutdown$$0000000E)
    .ARM.Collect$$libshutdown$$0000000F      0x080001c4   Section        2  libshutdown2.o(.ARM.Collect$$libshutdown$$0000000F)
    .ARM.Collect$$rtentry$$00000000          0x080001c6   Section        0  __rtentry.o(.ARM.Collect$$rtentry$$00000000)
    .ARM.Collect$$rtentry$$00000002          0x080001c6   Section        0  __rtentry2.o(.ARM.Collect$$rtentry$$00000002)
    .ARM.Collect$$rtentry$$00000004          0x080001c6   Section        6  __rtentry4.o(.ARM.Collect$$rtentry$$00000004)
    .ARM.Collect$$rtentry$$00000009          0x080001cc   Section        0  __rtentry2.o(.ARM.Collect$$rtentry$$00000009)
    .ARM.Collect$$rtentry$$0000000A          0x080001cc   Section        4  __rtentry2.o(.ARM.Collect$$rtentry$$0000000A)
    .ARM.Collect$$rtentry$$0000000C          0x080001d0   Section        0  __rtentry2.o(.ARM.Collect$$rtentry$$0000000C)
    .ARM.Collect$$rtentry$$0000000D          0x080001d0   Section        8  __rtentry2.o(.ARM.Collect$$rtentry$$0000000D)
    .ARM.Collect$$rtexit$$00000000           0x080001d8   Section        2  rtexit.o(.ARM.Collect$$rtexit$$00000000)
    .ARM.Collect$$rtexit$$00000002           0x080001da   Section        0  rtexit2.o(.ARM.Collect$$rtexit$$00000002)
    .ARM.Collect$$rtexit$$00000003           0x080001da   Section        4  rtexit2.o(.ARM.Collect$$rtexit$$00000003)
    .ARM.Collect$$rtexit$$00000004           0x080001de   Section        6  rtexit2.o(.ARM.Collect$$rtexit$$00000004)
    .text                                    0x080001e4   Section        0  main.o(.text)
    .text                                    0x08000380   Section        0  stm32f10x_it.o(.text)
    .text                                    0x0800039c   Section        0  system_stm32f10x.o(.text)
    SetSysClockTo72                          0x0800039d   Thumb Code   214  system_stm32f10x.o(.text)
    SetSysClock                              0x08000473   Thumb Code     8  system_stm32f10x.o(.text)
    .text                                    0x0800057c   Section        0  led.o(.text)
    .text                                    0x080005c8   Section        0  key.o(.text)
    .text                                    0x080006c4   Section        0  delay.o(.text)
    .text                                    0x08000798   Section        0  usart.o(.text)
    .text                                    0x080008d8   Section       64  startup_stm32f10x_hd.o(.text)
    .text                                    0x08000918   Section        0  misc.o(.text)
    .text                                    0x080009f4   Section        0  stm32f10x_gpio.o(.text)
    .text                                    0x08000d50   Section        0  stm32f10x_rcc.o(.text)
    .text                                    0x080010f4   Section        0  stm32f10x_usart.o(.text)
    .text                                    0x080014fc   Section        2  use_no_semi_2.o(.text)
    .text                                    0x08001500   Section        0  noretval__2printf.o(.text)
    .text                                    0x08001518   Section        0  __printf.o(.text)
    .text                                    0x08001580   Section        0  heapauxi.o(.text)
    .text                                    0x08001586   Section        2  use_no_semi.o(.text)
    .text                                    0x08001588   Section        0  _rserrno.o(.text)
    .text                                    0x0800159e   Section        0  _printf_fp_dec.o(.text)
    _fp_digits                               0x080015a1   Thumb Code   428  _printf_fp_dec.o(.text)
    .text                                    0x080019b8   Section        0  _printf_char_file.o(.text)
    .text                                    0x080019dc   Section        8  rt_locale_intlibspace.o(.text)
    .text                                    0x080019e4   Section        8  rt_errno_addr_intlibspace.o(.text)
    .text                                    0x080019ec   Section      138  lludiv10.o(.text)
    .text                                    0x08001a78   Section        0  _printf_char_common.o(.text)
    _printf_input_char                       0x08001a79   Thumb Code    10  _printf_char_common.o(.text)
    .text                                    0x08001aa8   Section        0  _printf_fp_infnan.o(.text)
    .text                                    0x08001b28   Section        0  bigflt0.o(.text)
    .text                                    0x08001c04   Section        0  ferror.o(.text)
    .text                                    0x08001c0c   Section        8  libspace.o(.text)
    .text                                    0x08001c14   Section       74  sys_stackheap_outer.o(.text)
    .text                                    0x08001c5e   Section        0  exit.o(.text)
    .text                                    0x08001c6c   Section      128  strcmpv7m.o(.text)
    CL$$btod_d2e                             0x08001cec   Section       62  btod.o(CL$$btod_d2e)
    CL$$btod_d2e_denorm_low                  0x08001d2a   Section       70  btod.o(CL$$btod_d2e_denorm_low)
    CL$$btod_d2e_norm_op1                    0x08001d70   Section       96  btod.o(CL$$btod_d2e_norm_op1)
    CL$$btod_div_common                      0x08001dd0   Section      824  btod.o(CL$$btod_div_common)
    CL$$btod_e2e                             0x08002108   Section      198  btod.o(CL$$btod_e2e)
    CL$$btod_ediv                            0x080021ce   Section       40  btod.o(CL$$btod_ediv)
    CL$$btod_emul                            0x080021f6   Section       40  btod.o(CL$$btod_emul)
    CL$$btod_mult_common                     0x0800221e   Section      580  btod.o(CL$$btod_mult_common)
    i.__ARM_fpclassify                       0x08002462   Section        0  fpclassify.o(i.__ARM_fpclassify)
    i.__ieee754_rem_pio2                     0x0800248c   Section        0  rred.o(i.__ieee754_rem_pio2)
    i.__kernel_cos                           0x08002814   Section        0  cos_i.o(i.__kernel_cos)
    i.__kernel_poly                          0x08002910   Section        0  poly.o(i.__kernel_poly)
    i.__kernel_sin                           0x080029bc   Section        0  sin_i.o(i.__kernel_sin)
    i.__kernel_tan                           0x08002aa8   Section        0  tan_i.o(i.__kernel_tan)
    i.__mathlib_dbl_infnan                   0x08002d24   Section        0  dunder.o(i.__mathlib_dbl_infnan)
    i.__mathlib_dbl_invalid                  0x08002d2a   Section        0  dunder.o(i.__mathlib_dbl_invalid)
    i.__mathlib_dbl_underflow                0x08002d38   Section        0  dunder.o(i.__mathlib_dbl_underflow)
    i.acos                                   0x08002d48   Section        0  acos.o(i.acos)
    i.asin                                   0x08002fc4   Section        0  asin.o(i.asin)
    i.atan                                   0x08003234   Section        0  atan.o(i.atan)
    i.cos                                    0x08003454   Section        0  cos.o(i.cos)
    i.sin                                    0x080034f0   Section        0  sin.o(i.sin)
    i.sqrt                                   0x08003590   Section        0  sqrt.o(i.sqrt)
    i.tan                                    0x080035dc   Section        0  tan.o(i.tan)
    locale$$code                             0x08003640   Section       44  lc_numeric_c.o(locale$$code)
    x$fpl$d2f                                0x0800366c   Section       98  d2f.o(x$fpl$d2f)
    x$fpl$dadd                               0x080036d0   Section      336  daddsub_clz.o(x$fpl$dadd)
    _dadd1                                   0x080036e1   Thumb Code     0  daddsub_clz.o(x$fpl$dadd)
    x$fpl$dcheck1                            0x08003820   Section       16  dcheck1.o(x$fpl$dcheck1)
    x$fpl$ddiv                               0x08003830   Section      688  ddiv.o(x$fpl$ddiv)
    ddiv_entry                               0x08003837   Thumb Code     0  ddiv.o(x$fpl$ddiv)
    x$fpl$dfix                               0x08003ae0   Section       94  dfix.o(x$fpl$dfix)
    x$fpl$dflt                               0x08003b3e   Section       46  dflt_clz.o(x$fpl$dflt)
    x$fpl$dfltu                              0x08003b6c   Section       38  dflt_clz.o(x$fpl$dfltu)
    x$fpl$dmul                               0x08003b94   Section      340  dmul.o(x$fpl$dmul)
    x$fpl$dnaninf                            0x08003ce8   Section      156  dnaninf.o(x$fpl$dnaninf)
    x$fpl$dretinf                            0x08003d84   Section       12  dretinf.o(x$fpl$dretinf)
    x$fpl$drsb                               0x08003d90   Section       22  daddsub_clz.o(x$fpl$drsb)
    x$fpl$dsqrt                              0x08003da8   Section      460  dsqrt_noumaal.o(x$fpl$dsqrt)
    x$fpl$dsub                               0x08003f74   Section      468  daddsub_clz.o(x$fpl$dsub)
    _dsub1                                   0x08003f85   Thumb Code     0  daddsub_clz.o(x$fpl$dsub)
    x$fpl$f2d                                0x08004148   Section       86  f2d.o(x$fpl$f2d)
    x$fpl$fmul                               0x080041a0   Section      258  fmul.o(x$fpl$fmul)
    x$fpl$fnaninf                            0x080042a2   Section      140  fnaninf.o(x$fpl$fnaninf)
    x$fpl$fretinf                            0x0800432e   Section       10  fretinf.o(x$fpl$fretinf)
    x$fpl$printf1                            0x08004338   Section        4  printf1.o(x$fpl$printf1)
    x$fpl$retnan                             0x0800433c   Section      100  retnan.o(x$fpl$retnan)
    x$fpl$scalbn                             0x080043a0   Section       92  scalbn.o(x$fpl$scalbn)
    x$fpl$trapveneer                         0x080043fc   Section       48  trapv.o(x$fpl$trapveneer)
    x$fpl$usenofp                            0x0800442c   Section        0  usenofp.o(x$fpl$usenofp)
    .constdata                               0x08004430   Section       80  acos.o(.constdata)
    pS                                       0x08004430   Data          48  acos.o(.constdata)
    qS                                       0x08004460   Data          32  acos.o(.constdata)
    .constdata                               0x08004480   Section       80  asin.o(.constdata)
    pS                                       0x08004480   Data          48  asin.o(.constdata)
    qS                                       0x080044b0   Data          32  asin.o(.constdata)
    .constdata                               0x080044d0   Section      152  atan.o(.constdata)
    atanhi                                   0x080044d0   Data          32  atan.o(.constdata)
    atanlo                                   0x080044f0   Data          32  atan.o(.constdata)
    aTodd                                    0x08004510   Data          40  atan.o(.constdata)
    aTeven                                   0x08004538   Data          48  atan.o(.constdata)
    .constdata                               0x08004568   Section       48  cos_i.o(.constdata)
    C                                        0x08004568   Data          48  cos_i.o(.constdata)
    .constdata                               0x08004598   Section      200  rred.o(.constdata)
    pio2s                                    0x08004598   Data          48  rred.o(.constdata)
    twooverpi                                0x080045c8   Data         152  rred.o(.constdata)
    .constdata                               0x08004660   Section       40  sin_i.o(.constdata)
    S                                        0x08004660   Data          40  sin_i.o(.constdata)
    .constdata                               0x08004688   Section       96  tan_i.o(.constdata)
    Todd                                     0x08004688   Data          48  tan_i.o(.constdata)
    Teven                                    0x080046b8   Data          48  tan_i.o(.constdata)
    .constdata                               0x080046e8   Section      148  bigflt0.o(.constdata)
    tenpwrs_x                                0x080046e8   Data          60  bigflt0.o(.constdata)
    tenpwrs_i                                0x08004724   Data          64  bigflt0.o(.constdata)
    locale$$data                             0x0800479c   Section       28  lc_numeric_c.o(locale$$data)
    __lcnum_c_name                           0x080047a0   Data           2  lc_numeric_c.o(locale$$data)
    __lcnum_c_start                          0x080047a8   Data           0  lc_numeric_c.o(locale$$data)
    __lcnum_c_point                          0x080047b4   Data           0  lc_numeric_c.o(locale$$data)
    __lcnum_c_thousands                      0x080047b6   Data           0  lc_numeric_c.o(locale$$data)
    __lcnum_c_grouping                       0x080047b7   Data           0  lc_numeric_c.o(locale$$data)
    __lcnum_c_end                            0x080047b8   Data           0  lc_numeric_c.o(locale$$data)
    .data                                    0x20000000   Section       20  system_stm32f10x.o(.data)
    .data                                    0x20000014   Section        1  key.o(.data)
    key_up                                   0x20000014   Data           1  key.o(.data)
    .data                                    0x20000016   Section        4  delay.o(.data)
    fac_us                                   0x20000016   Data           1  delay.o(.data)
    fac_ms                                   0x20000018   Data           2  delay.o(.data)
    .data                                    0x2000001c   Section        6  usart.o(.data)
    .data                                    0x20000022   Section       20  stm32f10x_rcc.o(.data)
    APBAHBPrescTable                         0x20000022   Data          16  stm32f10x_rcc.o(.data)
    ADCPrescTable                            0x20000032   Data           4  stm32f10x_rcc.o(.data)
    .bss                                     0x20000038   Section      200  usart.o(.bss)
    .bss                                     0x20000100   Section       96  libspace.o(.bss)
    HEAP                                     0x20000160   Section      512  startup_stm32f10x_hd.o(HEAP)
    Heap_Mem                                 0x20000160   Data         512  startup_stm32f10x_hd.o(HEAP)
    STACK                                    0x20000360   Section     1024  startup_stm32f10x_hd.o(STACK)
    Stack_Mem                                0x20000360   Data        1024  startup_stm32f10x_hd.o(STACK)
    __initial_sp                             0x20000760   Data           0  startup_stm32f10x_hd.o(STACK)

    Global Symbols

    Symbol Name                              Value     Ov Type        Size  Object(Section)

    BuildAttributes$$THM_ISAv4$P$D$K$B$S$PE$A:L22UL41UL21$X:L11$S22US41US21$IEEE1$IW$USESV6$~STKCKD$USESV7$~SHL$OTIME$ROPI$IEEEX$EBA8$UX$STANDARDLIB$REQ8$PRES8$EABIv2 0x00000000   Number         0  anon$$obj.o ABSOLUTE
    __ARM_use_no_argv                        0x00000000   Number         0  main.o ABSOLUTE
    __ARM_exceptions_init                     - Undefined Weak Reference
    __alloca_initialize                       - Undefined Weak Reference
    __arm_preinit_                            - Undefined Weak Reference
    __cpp_initialize__aeabi_                  - Undefined Weak Reference
    __cxa_finalize                            - Undefined Weak Reference
    __sigvec_lookup                           - Undefined Weak Reference
    _atexit_init                              - Undefined Weak Reference
    _call_atexit_fns                          - Undefined Weak Reference
    _clock_init                               - Undefined Weak Reference
    _fp_trap_init                             - Undefined Weak Reference
    _fp_trap_shutdown                         - Undefined Weak Reference
    _get_lc_collate                           - Undefined Weak Reference
    _get_lc_ctype                             - Undefined Weak Reference
    _get_lc_monetary                          - Undefined Weak Reference
    _get_lc_time                              - Undefined Weak Reference
    _getenv_init                              - Undefined Weak Reference
    _handle_redirection                       - Undefined Weak Reference
    _init_alloc                               - Undefined Weak Reference
    _init_user_alloc                          - Undefined Weak Reference
    _initio                                   - Undefined Weak Reference
    _mutex_acquire                            - Undefined Weak Reference
    _mutex_release                            - Undefined Weak Reference
    _printf_post_padding                      - Undefined Weak Reference
    _printf_pre_padding                       - Undefined Weak Reference
    _rand_init                                - Undefined Weak Reference
    _signal_finish                            - Undefined Weak Reference
    _signal_init                              - Undefined Weak Reference
    _terminate_alloc                          - Undefined Weak Reference
    _terminate_user_alloc                     - Undefined Weak Reference
    _terminateio                              - Undefined Weak Reference
    __Vectors_Size                           0x00000130   Number         0  startup_stm32f10x_hd.o ABSOLUTE
    __Vectors                                0x08000000   Data           4  startup_stm32f10x_hd.o(RESET)
    __Vectors_End                            0x08000130   Data           0  startup_stm32f10x_hd.o(RESET)
    __main                                   0x08000131   Thumb Code     8  __main.o(!!!main)
    __scatterload                            0x08000139   Thumb Code     0  __scatter.o(!!!scatter)
    __scatterload_rt2                        0x08000139   Thumb Code    44  __scatter.o(!!!scatter)
    __scatterload_rt2_thumb_only             0x08000139   Thumb Code     0  __scatter.o(!!!scatter)
    __scatterload_null                       0x08000147   Thumb Code     0  __scatter.o(!!!scatter)
    __scatterload_copy                       0x0800016d   Thumb Code    26  __scatter_copy.o(!!handler_copy)
    __scatterload_zeroinit                   0x08000189   Thumb Code    28  __scatter_zi.o(!!handler_zi)
    _printf_f                                0x080001a5   Thumb Code     0  _printf_f.o(.ARM.Collect$$_printf_percent$$00000003)
    _printf_percent                          0x080001a5   Thumb Code     0  _printf_percent.o(.ARM.Collect$$_printf_percent$$00000000)
    _printf_percent_end                      0x080001ab   Thumb Code     0  _printf_percent_end.o(.ARM.Collect$$_printf_percent$$00000017)
    __rt_lib_init                            0x080001af   Thumb Code     0  libinit.o(.ARM.Collect$$libinit$$00000000)
    __rt_lib_init_fp_1                       0x080001b1   Thumb Code     0  libinit2.o(.ARM.Collect$$libinit$$00000002)
    __rt_lib_init_heap_1                     0x080001b1   Thumb Code     0  libinit2.o(.ARM.Collect$$libinit$$0000000A)
    __rt_lib_init_lc_common                  0x080001b1   Thumb Code     0  libinit2.o(.ARM.Collect$$libinit$$0000000F)
    __rt_lib_init_preinit_1                  0x080001b1   Thumb Code     0  libinit2.o(.ARM.Collect$$libinit$$00000004)
    __rt_lib_init_rand_1                     0x080001b1   Thumb Code     0  libinit2.o(.ARM.Collect$$libinit$$0000000E)
    __rt_lib_init_user_alloc_1               0x080001b1   Thumb Code     0  libinit2.o(.ARM.Collect$$libinit$$0000000C)
    __rt_lib_init_lc_collate_1               0x080001b7   Thumb Code     0  libinit2.o(.ARM.Collect$$libinit$$00000011)
    __rt_lib_init_lc_ctype_1                 0x080001b7   Thumb Code     0  libinit2.o(.ARM.Collect$$libinit$$00000013)
    __rt_lib_init_lc_monetary_1              0x080001b7   Thumb Code     0  libinit2.o(.ARM.Collect$$libinit$$00000015)
    __rt_lib_init_lc_numeric_2               0x080001b7   Thumb Code     0  libinit2.o(.ARM.Collect$$libinit$$00000016)
    __rt_lib_init_alloca_1                   0x080001c1   Thumb Code     0  libinit2.o(.ARM.Collect$$libinit$$0000002E)
    __rt_lib_init_argv_1                     0x080001c1   Thumb Code     0  libinit2.o(.ARM.Collect$$libinit$$0000002C)
    __rt_lib_init_atexit_1                   0x080001c1   Thumb Code     0  libinit2.o(.ARM.Collect$$libinit$$0000001B)
    __rt_lib_init_clock_1                    0x080001c1   Thumb Code     0  libinit2.o(.ARM.Collect$$libinit$$00000021)
    __rt_lib_init_cpp_1                      0x080001c1   Thumb Code     0  libinit2.o(.ARM.Collect$$libinit$$00000032)
    __rt_lib_init_exceptions_1               0x080001c1   Thumb Code     0  libinit2.o(.ARM.Collect$$libinit$$00000030)
    __rt_lib_init_fp_trap_1                  0x080001c1   Thumb Code     0  libinit2.o(.ARM.Collect$$libinit$$0000001F)
    __rt_lib_init_getenv_1                   0x080001c1   Thumb Code     0  libinit2.o(.ARM.Collect$$libinit$$00000023)
    __rt_lib_init_lc_numeric_1               0x080001c1   Thumb Code     0  libinit2.o(.ARM.Collect$$libinit$$00000017)
    __rt_lib_init_lc_time_1                  0x080001c1   Thumb Code     0  libinit2.o(.ARM.Collect$$libinit$$00000019)
    __rt_lib_init_return                     0x080001c1   Thumb Code     0  libinit2.o(.ARM.Collect$$libinit$$00000033)
    __rt_lib_init_signal_1                   0x080001c1   Thumb Code     0  libinit2.o(.ARM.Collect$$libinit$$0000001D)
    __rt_lib_init_stdio_1                    0x080001c1   Thumb Code     0  libinit2.o(.ARM.Collect$$libinit$$00000025)
    __rt_lib_shutdown                        0x080001c3   Thumb Code     0  libshutdown.o(.ARM.Collect$$libshutdown$$00000000)
    __rt_lib_shutdown_fp_trap_1              0x080001c5   Thumb Code     0  libshutdown2.o(.ARM.Collect$$libshutdown$$00000006)
    __rt_lib_shutdown_heap_1                 0x080001c5   Thumb Code     0  libshutdown2.o(.ARM.Collect$$libshutdown$$0000000E)
    __rt_lib_shutdown_return                 0x080001c5   Thumb Code     0  libshutdown2.o(.ARM.Collect$$libshutdown$$0000000F)
    __rt_lib_shutdown_signal_1               0x080001c5   Thumb Code     0  libshutdown2.o(.ARM.Collect$$libshutdown$$00000009)
    __rt_lib_shutdown_stdio_1                0x080001c5   Thumb Code     0  libshutdown2.o(.ARM.Collect$$libshutdown$$00000003)
    __rt_lib_shutdown_user_alloc_1           0x080001c5   Thumb Code     0  libshutdown2.o(.ARM.Collect$$libshutdown$$0000000B)
    __rt_entry                               0x080001c7   Thumb Code     0  __rtentry.o(.ARM.Collect$$rtentry$$00000000)
    __rt_entry_presh_1                       0x080001c7   Thumb Code     0  __rtentry2.o(.ARM.Collect$$rtentry$$00000002)
    __rt_entry_sh                            0x080001c7   Thumb Code     0  __rtentry4.o(.ARM.Collect$$rtentry$$00000004)
    __rt_entry_li                            0x080001cd   Thumb Code     0  __rtentry2.o(.ARM.Collect$$rtentry$$0000000A)
    __rt_entry_postsh_1                      0x080001cd   Thumb Code     0  __rtentry2.o(.ARM.Collect$$rtentry$$00000009)
    __rt_entry_main                          0x080001d1   Thumb Code     0  __rtentry2.o(.ARM.Collect$$rtentry$$0000000D)
    __rt_entry_postli_1                      0x080001d1   Thumb Code     0  __rtentry2.o(.ARM.Collect$$rtentry$$0000000C)
    __rt_exit                                0x080001d9   Thumb Code     0  rtexit.o(.ARM.Collect$$rtexit$$00000000)
    __rt_exit_ls                             0x080001db   Thumb Code     0  rtexit2.o(.ARM.Collect$$rtexit$$00000003)
    __rt_exit_prels_1                        0x080001db   Thumb Code     0  rtexit2.o(.ARM.Collect$$rtexit$$00000002)
    __rt_exit_exit                           0x080001df   Thumb Code     0  rtexit2.o(.ARM.Collect$$rtexit$$00000004)
    ToRad                                    0x080001e5   Thumb Code    40  main.o(.text)
    ToAng                                    0x0800020d   Thumb Code    44  main.o(.text)
    main                                     0x08000239   Thumb Code   276  main.o(.text)
    NMI_Handler                              0x08000381   Thumb Code     2  stm32f10x_it.o(.text)
    HardFault_Handler                        0x08000383   Thumb Code     4  stm32f10x_it.o(.text)
    MemManage_Handler                        0x08000387   Thumb Code     4  stm32f10x_it.o(.text)
    BusFault_Handler                         0x0800038b   Thumb Code     4  stm32f10x_it.o(.text)
    UsageFault_Handler                       0x0800038f   Thumb Code     4  stm32f10x_it.o(.text)
    SVC_Handler                              0x08000393   Thumb Code     2  stm32f10x_it.o(.text)
    DebugMon_Handler                         0x08000395   Thumb Code     2  stm32f10x_it.o(.text)
    PendSV_Handler                           0x08000397   Thumb Code     2  stm32f10x_it.o(.text)
    SysTick_Handler                          0x08000399   Thumb Code     2  stm32f10x_it.o(.text)
    SystemInit                               0x0800047b   Thumb Code    78  system_stm32f10x.o(.text)
    SystemCoreClockUpdate                    0x080004c9   Thumb Code   142  system_stm32f10x.o(.text)
    LED_Init                                 0x0800057d   Thumb Code    68  led.o(.text)
    KEY_Init                                 0x080005c9   Thumb Code    52  key.o(.text)
    KEY_Scan                                 0x080005fd   Thumb Code   188  key.o(.text)
    delay_init                               0x080006c5   Thumb Code    50  delay.o(.text)
    delay_us                                 0x080006f7   Thumb Code    72  delay.o(.text)
    delay_ms                                 0x0800073f   Thumb Code    72  delay.o(.text)
    _sys_exit                                0x08000799   Thumb Code     4  usart.o(.text)
    fputc                                    0x0800079d   Thumb Code    24  usart.o(.text)
    uart_init                                0x080007b5   Thumb Code   152  usart.o(.text)
    USART1_IRQHandler                        0x0800084d   Thumb Code   122  usart.o(.text)
    Reset_Handler                            0x080008d9   Thumb Code     8  startup_stm32f10x_hd.o(.text)
    ADC1_2_IRQHandler                        0x080008f3   Thumb Code     0  startup_stm32f10x_hd.o(.text)
    ADC3_IRQHandler                          0x080008f3   Thumb Code     0  startup_stm32f10x_hd.o(.text)
    CAN1_RX1_IRQHandler                      0x080008f3   Thumb Code     0  startup_stm32f10x_hd.o(.text)
    CAN1_SCE_IRQHandler                      0x080008f3   Thumb Code     0  startup_stm32f10x_hd.o(.text)
    DMA1_Channel1_IRQHandler                 0x080008f3   Thumb Code     0  startup_stm32f10x_hd.o(.text)
    DMA1_Channel2_IRQHandler                 0x080008f3   Thumb Code     0  startup_stm32f10x_hd.o(.text)
    DMA1_Channel3_IRQHandler                 0x080008f3   Thumb Code     0  startup_stm32f10x_hd.o(.text)
    DMA1_Channel4_IRQHandler                 0x080008f3   Thumb Code     0  startup_stm32f10x_hd.o(.text)
    DMA1_Channel5_IRQHandler                 0x080008f3   Thumb Code     0  startup_stm32f10x_hd.o(.text)
    DMA1_Channel6_IRQHandler                 0x080008f3   Thumb Code     0  startup_stm32f10x_hd.o(.text)
    DMA1_Channel7_IRQHandler                 0x080008f3   Thumb Code     0  startup_stm32f10x_hd.o(.text)
    DMA2_Channel1_IRQHandler                 0x080008f3   Thumb Code     0  startup_stm32f10x_hd.o(.text)
    DMA2_Channel2_IRQHandler                 0x080008f3   Thumb Code     0  startup_stm32f10x_hd.o(.text)
    DMA2_Channel3_IRQHandler                 0x080008f3   Thumb Code     0  startup_stm32f10x_hd.o(.text)
    DMA2_Channel4_5_IRQHandler               0x080008f3   Thumb Code     0  startup_stm32f10x_hd.o(.text)
    EXTI0_IRQHandler                         0x080008f3   Thumb Code     0  startup_stm32f10x_hd.o(.text)
    EXTI15_10_IRQHandler                     0x080008f3   Thumb Code     0  startup_stm32f10x_hd.o(.text)
    EXTI1_IRQHandler                         0x080008f3   Thumb Code     0  startup_stm32f10x_hd.o(.text)
    EXTI2_IRQHandler                         0x080008f3   Thumb Code     0  startup_stm32f10x_hd.o(.text)
    EXTI3_IRQHandler                         0x080008f3   Thumb Code     0  startup_stm32f10x_hd.o(.text)
    EXTI4_IRQHandler                         0x080008f3   Thumb Code     0  startup_stm32f10x_hd.o(.text)
    EXTI9_5_IRQHandler                       0x080008f3   Thumb Code     0  startup_stm32f10x_hd.o(.text)
    FLASH_IRQHandler                         0x080008f3   Thumb Code     0  startup_stm32f10x_hd.o(.text)
    FSMC_IRQHandler                          0x080008f3   Thumb Code     0  startup_stm32f10x_hd.o(.text)
    I2C1_ER_IRQHandler                       0x080008f3   Thumb Code     0  startup_stm32f10x_hd.o(.text)
    I2C1_EV_IRQHandler                       0x080008f3   Thumb Code     0  startup_stm32f10x_hd.o(.text)
    I2C2_ER_IRQHandler                       0x080008f3   Thumb Code     0  startup_stm32f10x_hd.o(.text)
    I2C2_EV_IRQHandler                       0x080008f3   Thumb Code     0  startup_stm32f10x_hd.o(.text)
    PVD_IRQHandler                           0x080008f3   Thumb Code     0  startup_stm32f10x_hd.o(.text)
    RCC_IRQHandler                           0x080008f3   Thumb Code     0  startup_stm32f10x_hd.o(.text)
    RTCAlarm_IRQHandler                      0x080008f3   Thumb Code     0  startup_stm32f10x_hd.o(.text)
    RTC_IRQHandler                           0x080008f3   Thumb Code     0  startup_stm32f10x_hd.o(.text)
    SDIO_IRQHandler                          0x080008f3   Thumb Code     0  startup_stm32f10x_hd.o(.text)
    SPI1_IRQHandler                          0x080008f3   Thumb Code     0  startup_stm32f10x_hd.o(.text)
    SPI2_IRQHandler                          0x080008f3   Thumb Code     0  startup_stm32f10x_hd.o(.text)
    SPI3_IRQHandler                          0x080008f3   Thumb Code     0  startup_stm32f10x_hd.o(.text)
    TAMPER_IRQHandler                        0x080008f3   Thumb Code     0  startup_stm32f10x_hd.o(.text)
    TIM1_BRK_IRQHandler                      0x080008f3   Thumb Code     0  startup_stm32f10x_hd.o(.text)
    TIM1_CC_IRQHandler                       0x080008f3   Thumb Code     0  startup_stm32f10x_hd.o(.text)
    TIM1_TRG_COM_IRQHandler                  0x080008f3   Thumb Code     0  startup_stm32f10x_hd.o(.text)
    TIM1_UP_IRQHandler                       0x080008f3   Thumb Code     0  startup_stm32f10x_hd.o(.text)
    TIM2_IRQHandler                          0x080008f3   Thumb Code     0  startup_stm32f10x_hd.o(.text)
    TIM3_IRQHandler                          0x080008f3   Thumb Code     0  startup_stm32f10x_hd.o(.text)
    TIM4_IRQHandler                          0x080008f3   Thumb Code     0  startup_stm32f10x_hd.o(.text)
    TIM5_IRQHandler                          0x080008f3   Thumb Code     0  startup_stm32f10x_hd.o(.text)
    TIM6_IRQHandler                          0x080008f3   Thumb Code     0  startup_stm32f10x_hd.o(.text)
    TIM7_IRQHandler                          0x080008f3   Thumb Code     0  startup_stm32f10x_hd.o(.text)
    TIM8_BRK_IRQHandler                      0x080008f3   Thumb Code     0  startup_stm32f10x_hd.o(.text)
    TIM8_CC_IRQHandler                       0x080008f3   Thumb Code     0  startup_stm32f10x_hd.o(.text)
    TIM8_TRG_COM_IRQHandler                  0x080008f3   Thumb Code     0  startup_stm32f10x_hd.o(.text)
    TIM8_UP_IRQHandler                       0x080008f3   Thumb Code     0  startup_stm32f10x_hd.o(.text)
    UART4_IRQHandler                         0x080008f3   Thumb Code     0  startup_stm32f10x_hd.o(.text)
    UART5_IRQHandler                         0x080008f3   Thumb Code     0  startup_stm32f10x_hd.o(.text)
    USART2_IRQHandler                        0x080008f3   Thumb Code     0  startup_stm32f10x_hd.o(.text)
    USART3_IRQHandler                        0x080008f3   Thumb Code     0  startup_stm32f10x_hd.o(.text)
    USBWakeUp_IRQHandler                     0x080008f3   Thumb Code     0  startup_stm32f10x_hd.o(.text)
    USB_HP_CAN1_TX_IRQHandler                0x080008f3   Thumb Code     0  startup_stm32f10x_hd.o(.text)
    USB_LP_CAN1_RX0_IRQHandler               0x080008f3   Thumb Code     0  startup_stm32f10x_hd.o(.text)
    WWDG_IRQHandler                          0x080008f3   Thumb Code     0  startup_stm32f10x_hd.o(.text)
    __user_initial_stackheap                 0x080008f5   Thumb Code     0  startup_stm32f10x_hd.o(.text)
    NVIC_PriorityGroupConfig                 0x08000919   Thumb Code    10  misc.o(.text)
    NVIC_Init                                0x08000923   Thumb Code   100  misc.o(.text)
    NVIC_SetVectorTable                      0x08000987   Thumb Code    14  misc.o(.text)
    NVIC_SystemLPConfig                      0x08000995   Thumb Code    34  misc.o(.text)
    SysTick_CLKSourceConfig                  0x080009b7   Thumb Code    40  misc.o(.text)
    GPIO_DeInit                              0x080009f5   Thumb Code   172  stm32f10x_gpio.o(.text)
    GPIO_AFIODeInit                          0x08000aa1   Thumb Code    20  stm32f10x_gpio.o(.text)
    GPIO_Init                                0x08000ab5   Thumb Code   278  stm32f10x_gpio.o(.text)
    GPIO_StructInit                          0x08000bcb   Thumb Code    16  stm32f10x_gpio.o(.text)
    GPIO_ReadInputDataBit                    0x08000bdb   Thumb Code    18  stm32f10x_gpio.o(.text)
    GPIO_ReadInputData                       0x08000bed   Thumb Code     8  stm32f10x_gpio.o(.text)
    GPIO_ReadOutputDataBit                   0x08000bf5   Thumb Code    18  stm32f10x_gpio.o(.text)
    GPIO_ReadOutputData                      0x08000c07   Thumb Code     8  stm32f10x_gpio.o(.text)
    GPIO_SetBits                             0x08000c0f   Thumb Code     4  stm32f10x_gpio.o(.text)
    GPIO_ResetBits                           0x08000c13   Thumb Code     4  stm32f10x_gpio.o(.text)
    GPIO_WriteBit                            0x08000c17   Thumb Code    10  stm32f10x_gpio.o(.text)
    GPIO_Write                               0x08000c21   Thumb Code     4  stm32f10x_gpio.o(.text)
    GPIO_PinLockConfig                       0x08000c25   Thumb Code    18  stm32f10x_gpio.o(.text)
    GPIO_EventOutputConfig                   0x08000c37   Thumb Code    26  stm32f10x_gpio.o(.text)
    GPIO_EventOutputCmd                      0x08000c51   Thumb Code     6  stm32f10x_gpio.o(.text)
    GPIO_PinRemapConfig                      0x08000c57   Thumb Code   138  stm32f10x_gpio.o(.text)
    GPIO_EXTILineConfig                      0x08000ce1   Thumb Code    66  stm32f10x_gpio.o(.text)
    GPIO_ETH_MediaInterfaceConfig            0x08000d23   Thumb Code     8  stm32f10x_gpio.o(.text)
    RCC_DeInit                               0x08000d51   Thumb Code    64  stm32f10x_rcc.o(.text)
    RCC_HSEConfig                            0x08000d91   Thumb Code    70  stm32f10x_rcc.o(.text)
    RCC_GetFlagStatus                        0x08000dd7   Thumb Code    56  stm32f10x_rcc.o(.text)
    RCC_WaitForHSEStartUp                    0x08000e0f   Thumb Code    56  stm32f10x_rcc.o(.text)
    RCC_AdjustHSICalibrationValue            0x08000e47   Thumb Code    20  stm32f10x_rcc.o(.text)
    RCC_HSICmd                               0x08000e5b   Thumb Code     6  stm32f10x_rcc.o(.text)
    RCC_PLLConfig                            0x08000e61   Thumb Code    24  stm32f10x_rcc.o(.text)
    RCC_PLLCmd                               0x08000e79   Thumb Code     6  stm32f10x_rcc.o(.text)
    RCC_SYSCLKConfig                         0x08000e7f   Thumb Code    18  stm32f10x_rcc.o(.text)
    RCC_GetSYSCLKSource                      0x08000e91   Thumb Code    10  stm32f10x_rcc.o(.text)
    RCC_HCLKConfig                           0x08000e9b   Thumb Code    18  stm32f10x_rcc.o(.text)
    RCC_PCLK1Config                          0x08000ead   Thumb Code    18  stm32f10x_rcc.o(.text)
    RCC_PCLK2Config                          0x08000ebf   Thumb Code    20  stm32f10x_rcc.o(.text)
    RCC_ITConfig                             0x08000ed3   Thumb Code    26  stm32f10x_rcc.o(.text)
    RCC_USBCLKConfig                         0x08000eed   Thumb Code     8  stm32f10x_rcc.o(.text)
    RCC_ADCCLKConfig                         0x08000ef5   Thumb Code    18  stm32f10x_rcc.o(.text)
    RCC_LSEConfig                            0x08000f07   Thumb Code    50  stm32f10x_rcc.o(.text)
    RCC_LSICmd                               0x08000f39   Thumb Code     6  stm32f10x_rcc.o(.text)
    RCC_RTCCLKConfig                         0x08000f3f   Thumb Code    12  stm32f10x_rcc.o(.text)
    RCC_RTCCLKCmd                            0x08000f4b   Thumb Code     8  stm32f10x_rcc.o(.text)
    RCC_GetClocksFreq                        0x08000f53   Thumb Code   192  stm32f10x_rcc.o(.text)
    RCC_AHBPeriphClockCmd                    0x08001013   Thumb Code    26  stm32f10x_rcc.o(.text)
    RCC_APB2PeriphClockCmd                   0x0800102d   Thumb Code    26  stm32f10x_rcc.o(.text)
    RCC_APB1PeriphClockCmd                   0x08001047   Thumb Code    26  stm32f10x_rcc.o(.text)
    RCC_APB2PeriphResetCmd                   0x08001061   Thumb Code    26  stm32f10x_rcc.o(.text)
    RCC_APB1PeriphResetCmd                   0x0800107b   Thumb Code    26  stm32f10x_rcc.o(.text)
    RCC_BackupResetCmd                       0x08001095   Thumb Code     8  stm32f10x_rcc.o(.text)
    RCC_ClockSecuritySystemCmd               0x0800109d   Thumb Code     6  stm32f10x_rcc.o(.text)
    RCC_MCOConfig                            0x080010a3   Thumb Code     6  stm32f10x_rcc.o(.text)
    RCC_ClearFlag                            0x080010a9   Thumb Code    14  stm32f10x_rcc.o(.text)
    RCC_GetITStatus                          0x080010b7   Thumb Code    20  stm32f10x_rcc.o(.text)
    RCC_ClearITPendingBit                    0x080010cb   Thumb Code     6  stm32f10x_rcc.o(.text)
    USART_DeInit                             0x080010f5   Thumb Code   134  stm32f10x_usart.o(.text)
    USART_Init                               0x0800117b   Thumb Code   210  stm32f10x_usart.o(.text)
    USART_StructInit                         0x0800124d   Thumb Code    24  stm32f10x_usart.o(.text)
    USART_ClockInit                          0x08001265   Thumb Code    34  stm32f10x_usart.o(.text)
    USART_ClockStructInit                    0x08001287   Thumb Code    12  stm32f10x_usart.o(.text)
    USART_Cmd                                0x08001293   Thumb Code    24  stm32f10x_usart.o(.text)
    USART_ITConfig                           0x080012ab   Thumb Code    74  stm32f10x_usart.o(.text)
    USART_DMACmd                             0x080012f5   Thumb Code    18  stm32f10x_usart.o(.text)
    USART_SetAddress                         0x08001307   Thumb Code    18  stm32f10x_usart.o(.text)
    USART_WakeUpConfig                       0x08001319   Thumb Code    18  stm32f10x_usart.o(.text)
    USART_ReceiverWakeUpCmd                  0x0800132b   Thumb Code    24  stm32f10x_usart.o(.text)
    USART_LINBreakDetectLengthConfig         0x08001343   Thumb Code    18  stm32f10x_usart.o(.text)
    USART_LINCmd                             0x08001355   Thumb Code    24  stm32f10x_usart.o(.text)
    USART_SendData                           0x0800136d   Thumb Code     8  stm32f10x_usart.o(.text)
    USART_ReceiveData                        0x08001375   Thumb Code    10  stm32f10x_usart.o(.text)
    USART_SendBreak                          0x0800137f   Thumb Code    10  stm32f10x_usart.o(.text)
    USART_SetGuardTime                       0x08001389   Thumb Code    16  stm32f10x_usart.o(.text)
    USART_SetPrescaler                       0x08001399   Thumb Code    16  stm32f10x_usart.o(.text)
    USART_SmartCardCmd                       0x080013a9   Thumb Code    24  stm32f10x_usart.o(.text)
    USART_SmartCardNACKCmd                   0x080013c1   Thumb Code    24  stm32f10x_usart.o(.text)
    USART_HalfDuplexCmd                      0x080013d9   Thumb Code    24  stm32f10x_usart.o(.text)
    USART_OverSampling8Cmd                   0x080013f1   Thumb Code    22  stm32f10x_usart.o(.text)
    USART_OneBitMethodCmd                    0x08001407   Thumb Code    24  stm32f10x_usart.o(.text)
    USART_IrDAConfig                         0x0800141f   Thumb Code    18  stm32f10x_usart.o(.text)
    USART_IrDACmd                            0x08001431   Thumb Code    24  stm32f10x_usart.o(.text)
    USART_GetFlagStatus                      0x08001449   Thumb Code    26  stm32f10x_usart.o(.text)
    USART_ClearFlag                          0x08001463   Thumb Code    18  stm32f10x_usart.o(.text)
    USART_GetITStatus                        0x08001475   Thumb Code    84  stm32f10x_usart.o(.text)
    USART_ClearITPendingBit                  0x080014c9   Thumb Code    52  stm32f10x_usart.o(.text)
    __use_no_semihosting                     0x080014fd   Thumb Code     2  use_no_semi_2.o(.text)
    __2printf                                0x08001501   Thumb Code    20  noretval__2printf.o(.text)
    __printf                                 0x08001519   Thumb Code   104  __printf.o(.text)
    __use_two_region_memory                  0x08001581   Thumb Code     2  heapauxi.o(.text)
    __rt_heap_escrow$2region                 0x08001583   Thumb Code     2  heapauxi.o(.text)
    __rt_heap_expand$2region                 0x08001585   Thumb Code     2  heapauxi.o(.text)
    __I$use$semihosting                      0x08001587   Thumb Code     0  use_no_semi.o(.text)
    __use_no_semihosting_swi                 0x08001587   Thumb Code     2  use_no_semi.o(.text)
    __read_errno                             0x08001589   Thumb Code    10  _rserrno.o(.text)
    __set_errno                              0x08001593   Thumb Code    12  _rserrno.o(.text)
    __lib_sel_fp_printf                      0x0800159f   Thumb Code     2  _printf_fp_dec.o(.text)
    _printf_fp_dec_real                      0x0800174d   Thumb Code   620  _printf_fp_dec.o(.text)
    _printf_char_file                        0x080019b9   Thumb Code    32  _printf_char_file.o(.text)
    __rt_locale                              0x080019dd   Thumb Code     8  rt_locale_intlibspace.o(.text)
    __aeabi_errno_addr                       0x080019e5   Thumb Code     8  rt_errno_addr_intlibspace.o(.text)
    __errno$intlibspace                      0x080019e5   Thumb Code     0  rt_errno_addr_intlibspace.o(.text)
    __rt_errno_addr$intlibspace              0x080019e5   Thumb Code     0  rt_errno_addr_intlibspace.o(.text)
    _ll_udiv10                               0x080019ed   Thumb Code   138  lludiv10.o(.text)
    _printf_char_common                      0x08001a83   Thumb Code    32  _printf_char_common.o(.text)
    _printf_fp_infnan                        0x08001aa9   Thumb Code   112  _printf_fp_infnan.o(.text)
    _btod_etento                             0x08001b29   Thumb Code   216  bigflt0.o(.text)
    ferror                                   0x08001c05   Thumb Code     8  ferror.o(.text)
    __user_libspace                          0x08001c0d   Thumb Code     8  libspace.o(.text)
    __user_perproc_libspace                  0x08001c0d   Thumb Code     0  libspace.o(.text)
    __user_perthread_libspace                0x08001c0d   Thumb Code     0  libspace.o(.text)
    __user_setup_stackheap                   0x08001c15   Thumb Code    74  sys_stackheap_outer.o(.text)
    exit                                     0x08001c5f   Thumb Code    12  exit.o(.text)
    strcmp                                   0x08001c6d   Thumb Code   128  strcmpv7m.o(.text)
    _btod_d2e                                0x08001ced   Thumb Code    62  btod.o(CL$$btod_d2e)
    _d2e_denorm_low                          0x08001d2b   Thumb Code    70  btod.o(CL$$btod_d2e_denorm_low)
    _d2e_norm_op1                            0x08001d71   Thumb Code    96  btod.o(CL$$btod_d2e_norm_op1)
    __btod_div_common                        0x08001dd1   Thumb Code   696  btod.o(CL$$btod_div_common)
    _e2e                                     0x08002109   Thumb Code   198  btod.o(CL$$btod_e2e)
    _btod_ediv                               0x080021cf   Thumb Code    40  btod.o(CL$$btod_ediv)
    _btod_emul                               0x080021f7   Thumb Code    40  btod.o(CL$$btod_emul)
    __btod_mult_common                       0x0800221f   Thumb Code   580  btod.o(CL$$btod_mult_common)
    __ARM_fpclassify                         0x08002463   Thumb Code    40  fpclassify.o(i.__ARM_fpclassify)
    __ieee754_rem_pio2                       0x0800248d   Thumb Code   828  rred.o(i.__ieee754_rem_pio2)
    __kernel_cos                             0x08002815   Thumb Code   230  cos_i.o(i.__kernel_cos)
    __kernel_poly                            0x08002911   Thumb Code   170  poly.o(i.__kernel_poly)
    __kernel_sin                             0x080029bd   Thumb Code   224  sin_i.o(i.__kernel_sin)
    __kernel_tan                             0x08002aa9   Thumb Code   586  tan_i.o(i.__kernel_tan)
    __mathlib_dbl_infnan                     0x08002d25   Thumb Code     6  dunder.o(i.__mathlib_dbl_infnan)
    __mathlib_dbl_invalid                    0x08002d2b   Thumb Code    12  dunder.o(i.__mathlib_dbl_invalid)
    __mathlib_dbl_underflow                  0x08002d39   Thumb Code    10  dunder.o(i.__mathlib_dbl_underflow)
    acos                                     0x08002d49   Thumb Code   574  acos.o(i.acos)
    asin                                     0x08002fc5   Thumb Code   572  asin.o(i.asin)
    atan                                     0x08003235   Thumb Code   474  atan.o(i.atan)
    cos                                      0x08003455   Thumb Code   148  cos.o(i.cos)
    sin                                      0x080034f1   Thumb Code   150  sin.o(i.sin)
    sqrt                                     0x08003591   Thumb Code    76  sqrt.o(i.sqrt)
    tan                                      0x080035dd   Thumb Code    90  tan.o(i.tan)
    _get_lc_numeric                          0x08003641   Thumb Code    44  lc_numeric_c.o(locale$$code)
    __aeabi_d2f                              0x0800366d   Thumb Code     0  d2f.o(x$fpl$d2f)
    _d2f                                     0x0800366d   Thumb Code    98  d2f.o(x$fpl$d2f)
    __aeabi_dadd                             0x080036d1   Thumb Code     0  daddsub_clz.o(x$fpl$dadd)
    _dadd                                    0x080036d1   Thumb Code   332  daddsub_clz.o(x$fpl$dadd)
    __fpl_dcheck_NaN1                        0x08003821   Thumb Code    10  dcheck1.o(x$fpl$dcheck1)
    __aeabi_ddiv                             0x08003831   Thumb Code     0  ddiv.o(x$fpl$ddiv)
    _ddiv                                    0x08003831   Thumb Code   552  ddiv.o(x$fpl$ddiv)
    __aeabi_d2iz                             0x08003ae1   Thumb Code     0  dfix.o(x$fpl$dfix)
    _dfix                                    0x08003ae1   Thumb Code    94  dfix.o(x$fpl$dfix)
    __aeabi_i2d                              0x08003b3f   Thumb Code     0  dflt_clz.o(x$fpl$dflt)
    _dflt                                    0x08003b3f   Thumb Code    46  dflt_clz.o(x$fpl$dflt)
    __aeabi_ui2d                             0x08003b6d   Thumb Code     0  dflt_clz.o(x$fpl$dfltu)
    _dfltu                                   0x08003b6d   Thumb Code    38  dflt_clz.o(x$fpl$dfltu)
    __aeabi_dmul                             0x08003b95   Thumb Code     0  dmul.o(x$fpl$dmul)
    _dmul                                    0x08003b95   Thumb Code   332  dmul.o(x$fpl$dmul)
    __fpl_dnaninf                            0x08003ce9   Thumb Code   156  dnaninf.o(x$fpl$dnaninf)
    __fpl_dretinf                            0x08003d85   Thumb Code    12  dretinf.o(x$fpl$dretinf)
    __aeabi_drsub                            0x08003d91   Thumb Code     0  daddsub_clz.o(x$fpl$drsb)
    _drsb                                    0x08003d91   Thumb Code    22  daddsub_clz.o(x$fpl$drsb)
    _dsqrt                                   0x08003da9   Thumb Code   456  dsqrt_noumaal.o(x$fpl$dsqrt)
    __aeabi_dsub                             0x08003f75   Thumb Code     0  daddsub_clz.o(x$fpl$dsub)
    _dsub                                    0x08003f75   Thumb Code   464  daddsub_clz.o(x$fpl$dsub)
    __aeabi_f2d                              0x08004149   Thumb Code     0  f2d.o(x$fpl$f2d)
    _f2d                                     0x08004149   Thumb Code    86  f2d.o(x$fpl$f2d)
    __aeabi_fmul                             0x080041a1   Thumb Code     0  fmul.o(x$fpl$fmul)
    _fmul                                    0x080041a1   Thumb Code   258  fmul.o(x$fpl$fmul)
    __fpl_fnaninf                            0x080042a3   Thumb Code   140  fnaninf.o(x$fpl$fnaninf)
    __fpl_fretinf                            0x0800432f   Thumb Code    10  fretinf.o(x$fpl$fretinf)
    _printf_fp_dec                           0x08004339   Thumb Code     4  printf1.o(x$fpl$printf1)
    __fpl_return_NaN                         0x0800433d   Thumb Code   100  retnan.o(x$fpl$retnan)
    __ARM_scalbn                             0x080043a1   Thumb Code    92  scalbn.o(x$fpl$scalbn)
    __fpl_cmpreturn                          0x080043fd   Thumb Code    48  trapv.o(x$fpl$trapveneer)
    __I$use$fp                               0x0800442c   Number         0  usenofp.o(x$fpl$usenofp)
    Region$$Table$$Base                      0x0800477c   Number         0  anon$$obj.o(Region$$Table)
    Region$$Table$$Limit                     0x0800479c   Number         0  anon$$obj.o(Region$$Table)
    SystemCoreClock                          0x20000000   Data           4  system_stm32f10x.o(.data)
    AHBPrescTable                            0x20000004   Data          16  system_stm32f10x.o(.data)
    __stdout                                 0x2000001c   Data           4  usart.o(.data)
    USART_RX_STA                             0x20000020   Data           2  usart.o(.data)
    USART_RX_BUF                             0x20000038   Data         200  usart.o(.bss)
    __libspace_start                         0x20000100   Data          96  libspace.o(.bss)
    __temporary_stack_top$libspace           0x20000160   Data           0  libspace.o(.bss)



==============================================================================

Memory Map of the image

  Image Entry point : 0x08000131

  Load Region LR_IROM1 (Base: 0x08000000, Size: 0x000047f0, Max: 0x00080000, ABSOLUTE)

    Execution Region ER_IROM1 (Base: 0x08000000, Size: 0x000047b8, Max: 0x00080000, ABSOLUTE)

    Base Addr    Size         Type   Attr      Idx    E Section Name        Object

    0x08000000   0x00000130   Data   RO          275    RESET               startup_stm32f10x_hd.o
    0x08000130   0x00000008   Code   RO          364  * !!!main             c_w.l(__main.o)
    0x08000138   0x00000034   Code   RO          732    !!!scatter          c_w.l(__scatter.o)
    0x0800016c   0x0000001a   Code   RO          734    !!handler_copy      c_w.l(__scatter_copy.o)
    0x08000186   0x00000002   PAD
    0x08000188   0x0000001c   Code   RO          736    !!handler_zi        c_w.l(__scatter_zi.o)
    0x080001a4   0x00000000   Code   RO          361    .ARM.Collect$$_printf_percent$$00000000  c_w.l(_printf_percent.o)
    0x080001a4   0x00000006   Code   RO          360    .ARM.Collect$$_printf_percent$$00000003  c_w.l(_printf_f.o)
    0x080001aa   0x00000004   Code   RO          443    .ARM.Collect$$_printf_percent$$00000017  c_w.l(_printf_percent_end.o)
    0x080001ae   0x00000002   Code   RO          604    .ARM.Collect$$libinit$$00000000  c_w.l(libinit.o)
    0x080001b0   0x00000000   Code   RO          606    .ARM.Collect$$libinit$$00000002  c_w.l(libinit2.o)
    0x080001b0   0x00000000   Code   RO          608    .ARM.Collect$$libinit$$00000004  c_w.l(libinit2.o)
    0x080001b0   0x00000000   Code   RO          611    .ARM.Collect$$libinit$$0000000A  c_w.l(libinit2.o)
    0x080001b0   0x00000000   Code   RO          613    .ARM.Collect$$libinit$$0000000C  c_w.l(libinit2.o)
    0x080001b0   0x00000000   Code   RO          615    .ARM.Collect$$libinit$$0000000E  c_w.l(libinit2.o)
    0x080001b0   0x00000006   Code   RO          616    .ARM.Collect$$libinit$$0000000F  c_w.l(libinit2.o)
    0x080001b6   0x00000000   Code   RO          618    .ARM.Collect$$libinit$$00000011  c_w.l(libinit2.o)
    0x080001b6   0x00000000   Code   RO          620    .ARM.Collect$$libinit$$00000013  c_w.l(libinit2.o)
    0x080001b6   0x00000000   Code   RO          622    .ARM.Collect$$libinit$$00000015  c_w.l(libinit2.o)
    0x080001b6   0x0000000a   Code   RO          623    .ARM.Collect$$libinit$$00000016  c_w.l(libinit2.o)
    0x080001c0   0x00000000   Code   RO          624    .ARM.Collect$$libinit$$00000017  c_w.l(libinit2.o)
    0x080001c0   0x00000000   Code   RO          626    .ARM.Collect$$libinit$$00000019  c_w.l(libinit2.o)
    0x080001c0   0x00000000   Code   RO          628    .ARM.Collect$$libinit$$0000001B  c_w.l(libinit2.o)
    0x080001c0   0x00000000   Code   RO          630    .ARM.Collect$$libinit$$0000001D  c_w.l(libinit2.o)
    0x080001c0   0x00000000   Code   RO          632    .ARM.Collect$$libinit$$0000001F  c_w.l(libinit2.o)
    0x080001c0   0x00000000   Code   RO          634    .ARM.Collect$$libinit$$00000021  c_w.l(libinit2.o)
    0x080001c0   0x00000000   Code   RO          636    .ARM.Collect$$libinit$$00000023  c_w.l(libinit2.o)
    0x080001c0   0x00000000   Code   RO          638    .ARM.Collect$$libinit$$00000025  c_w.l(libinit2.o)
    0x080001c0   0x00000000   Code   RO          642    .ARM.Collect$$libinit$$0000002C  c_w.l(libinit2.o)
    0x080001c0   0x00000000   Code   RO          644    .ARM.Collect$$libinit$$0000002E  c_w.l(libinit2.o)
    0x080001c0   0x00000000   Code   RO          646    .ARM.Collect$$libinit$$00000030  c_w.l(libinit2.o)
    0x080001c0   0x00000000   Code   RO          648    .ARM.Collect$$libinit$$00000032  c_w.l(libinit2.o)
    0x080001c0   0x00000002   Code   RO          649    .ARM.Collect$$libinit$$00000033  c_w.l(libinit2.o)
    0x080001c2   0x00000002   Code   RO          683    .ARM.Collect$$libshutdown$$00000000  c_w.l(libshutdown.o)
    0x080001c4   0x00000000   Code   RO          693    .ARM.Collect$$libshutdown$$00000003  c_w.l(libshutdown2.o)
    0x080001c4   0x00000000   Code   RO          696    .ARM.Collect$$libshutdown$$00000006  c_w.l(libshutdown2.o)
    0x080001c4   0x00000000   Code   RO          699    .ARM.Collect$$libshutdown$$00000009  c_w.l(libshutdown2.o)
    0x080001c4   0x00000000   Code   RO          701    .ARM.Collect$$libshutdown$$0000000B  c_w.l(libshutdown2.o)
    0x080001c4   0x00000000   Code   RO          704    .ARM.Collect$$libshutdown$$0000000E  c_w.l(libshutdown2.o)
    0x080001c4   0x00000002   Code   RO          705    .ARM.Collect$$libshutdown$$0000000F  c_w.l(libshutdown2.o)
    0x080001c6   0x00000000   Code   RO          436    .ARM.Collect$$rtentry$$00000000  c_w.l(__rtentry.o)
    0x080001c6   0x00000000   Code   RO          508    .ARM.Collect$$rtentry$$00000002  c_w.l(__rtentry2.o)
    0x080001c6   0x00000006   Code   RO          520    .ARM.Collect$$rtentry$$00000004  c_w.l(__rtentry4.o)
    0x080001cc   0x00000000   Code   RO          510    .ARM.Collect$$rtentry$$00000009  c_w.l(__rtentry2.o)
    0x080001cc   0x00000004   Code   RO          511    .ARM.Collect$$rtentry$$0000000A  c_w.l(__rtentry2.o)
    0x080001d0   0x00000000   Code   RO          513    .ARM.Collect$$rtentry$$0000000C  c_w.l(__rtentry2.o)
    0x080001d0   0x00000008   Code   RO          514    .ARM.Collect$$rtentry$$0000000D  c_w.l(__rtentry2.o)
    0x080001d8   0x00000002   Code   RO          654    .ARM.Collect$$rtexit$$00000000  c_w.l(rtexit.o)
    0x080001da   0x00000000   Code   RO          663    .ARM.Collect$$rtexit$$00000002  c_w.l(rtexit2.o)
    0x080001da   0x00000004   Code   RO          664    .ARM.Collect$$rtexit$$00000003  c_w.l(rtexit2.o)
    0x080001de   0x00000006   Code   RO          665    .ARM.Collect$$rtexit$$00000004  c_w.l(rtexit2.o)
    0x080001e4   0x0000019c   Code   RO            1    .text               main.o
    0x08000380   0x0000001a   Code   RO          125    .text               stm32f10x_it.o
    0x0800039a   0x00000002   PAD
    0x0800039c   0x000001e0   Code   RO          166    .text               system_stm32f10x.o
    0x0800057c   0x0000004c   Code   RO          184    .text               led.o
    0x080005c8   0x000000fc   Code   RO          196    .text               key.o
    0x080006c4   0x000000d4   Code   RO          209    .text               delay.o
    0x08000798   0x00000140   Code   RO          240    .text               usart.o
    0x080008d8   0x00000040   Code   RO          276    .text               startup_stm32f10x_hd.o
    0x08000918   0x000000dc   Code   RO          280    .text               misc.o
    0x080009f4   0x0000035c   Code   RO          292    .text               stm32f10x_gpio.o
    0x08000d50   0x000003a4   Code   RO          304    .text               stm32f10x_rcc.o
    0x080010f4   0x00000408   Code   RO          318    .text               stm32f10x_usart.o
    0x080014fc   0x00000002   Code   RO          332    .text               c_w.l(use_no_semi_2.o)
    0x080014fe   0x00000002   PAD
    0x08001500   0x00000018   Code   RO          336    .text               c_w.l(noretval__2printf.o)
    0x08001518   0x00000068   Code   RO          338    .text               c_w.l(__printf.o)
    0x08001580   0x00000006   Code   RO          362    .text               c_w.l(heapauxi.o)
    0x08001586   0x00000002   Code   RO          434    .text               c_w.l(use_no_semi.o)
    0x08001588   0x00000016   Code   RO          437    .text               c_w.l(_rserrno.o)
    0x0800159e   0x0000041a   Code   RO          439    .text               c_w.l(_printf_fp_dec.o)
    0x080019b8   0x00000024   Code   RO          441    .text               c_w.l(_printf_char_file.o)
    0x080019dc   0x00000008   Code   RO          525    .text               c_w.l(rt_locale_intlibspace.o)
    0x080019e4   0x00000008   Code   RO          530    .text               c_w.l(rt_errno_addr_intlibspace.o)
    0x080019ec   0x0000008a   Code   RO          532    .text               c_w.l(lludiv10.o)
    0x08001a76   0x00000002   PAD
    0x08001a78   0x00000030   Code   RO          534    .text               c_w.l(_printf_char_common.o)
    0x08001aa8   0x00000080   Code   RO          536    .text               c_w.l(_printf_fp_infnan.o)
    0x08001b28   0x000000dc   Code   RO          538    .text               c_w.l(bigflt0.o)
    0x08001c04   0x00000008   Code   RO          563    .text               c_w.l(ferror.o)
    0x08001c0c   0x00000008   Code   RO          588    .text               c_w.l(libspace.o)
    0x08001c14   0x0000004a   Code   RO          591    .text               c_w.l(sys_stackheap_outer.o)
    0x08001c5e   0x0000000c   Code   RO          595    .text               c_w.l(exit.o)
    0x08001c6a   0x00000002   PAD
    0x08001c6c   0x00000080   Code   RO          597    .text               c_w.l(strcmpv7m.o)
    0x08001cec   0x0000003e   Code   RO          541    CL$$btod_d2e        c_w.l(btod.o)
    0x08001d2a   0x00000046   Code   RO          543    CL$$btod_d2e_denorm_low  c_w.l(btod.o)
    0x08001d70   0x00000060   Code   RO          542    CL$$btod_d2e_norm_op1  c_w.l(btod.o)
    0x08001dd0   0x00000338   Code   RO          551    CL$$btod_div_common  c_w.l(btod.o)
    0x08002108   0x000000c6   Code   RO          548    CL$$btod_e2e        c_w.l(btod.o)
    0x080021ce   0x00000028   Code   RO          545    CL$$btod_ediv       c_w.l(btod.o)
    0x080021f6   0x00000028   Code   RO          544    CL$$btod_emul       c_w.l(btod.o)
    0x0800221e   0x00000244   Code   RO          550    CL$$btod_mult_common  c_w.l(btod.o)
    0x08002462   0x00000028   Code   RO          478    i.__ARM_fpclassify  m_ws.l(fpclassify.o)
    0x0800248a   0x00000002   PAD
    0x0800248c   0x00000388   Code   RO          482    i.__ieee754_rem_pio2  m_ws.l(rred.o)
    0x08002814   0x000000fc   Code   RO          461    i.__kernel_cos      m_ws.l(cos_i.o)
    0x08002910   0x000000aa   Code   RO          480    i.__kernel_poly     m_ws.l(poly.o)
    0x080029ba   0x00000002   PAD
    0x080029bc   0x000000ec   Code   RO          487    i.__kernel_sin      m_ws.l(sin_i.o)
    0x08002aa8   0x0000027c   Code   RO          501    i.__kernel_tan      m_ws.l(tan_i.o)
    0x08002d24   0x00000006   Code   RO          465    i.__mathlib_dbl_infnan  m_ws.l(dunder.o)
    0x08002d2a   0x0000000c   Code   RO          467    i.__mathlib_dbl_invalid  m_ws.l(dunder.o)
    0x08002d36   0x00000002   PAD
    0x08002d38   0x00000010   Code   RO          470    i.__mathlib_dbl_underflow  m_ws.l(dunder.o)
    0x08002d48   0x0000027c   Code   RO          381    i.acos              m_ws.l(acos.o)
    0x08002fc4   0x00000270   Code   RO          391    i.asin              m_ws.l(asin.o)
    0x08003234   0x00000220   Code   RO          401    i.atan              m_ws.l(atan.o)
    0x08003454   0x0000009c   Code   RO          411    i.cos               m_ws.l(cos.o)
    0x080034f0   0x000000a0   Code   RO          419    i.sin               m_ws.l(sin.o)
    0x08003590   0x0000004c   Code   RO          494    i.sqrt              m_ws.l(sqrt.o)
    0x080035dc   0x00000064   Code   RO          427    i.tan               m_ws.l(tan.o)
    0x08003640   0x0000002c   Code   RO          568    locale$$code        c_w.l(lc_numeric_c.o)
    0x0800366c   0x00000062   Code   RO          366    x$fpl$d2f           fz_ws.l(d2f.o)
    0x080036ce   0x00000002   PAD
    0x080036d0   0x00000150   Code   RO          444    x$fpl$dadd          fz_ws.l(daddsub_clz.o)
    0x08003820   0x00000010   Code   RO          570    x$fpl$dcheck1       fz_ws.l(dcheck1.o)
    0x08003830   0x000002b0   Code   RO          369    x$fpl$ddiv          fz_ws.l(ddiv.o)
    0x08003ae0   0x0000005e   Code   RO          572    x$fpl$dfix          fz_ws.l(dfix.o)
    0x08003b3e   0x0000002e   Code   RO          577    x$fpl$dflt          fz_ws.l(dflt_clz.o)
    0x08003b6c   0x00000026   Code   RO          576    x$fpl$dfltu         fz_ws.l(dflt_clz.o)
    0x08003b92   0x00000002   PAD
    0x08003b94   0x00000154   Code   RO          372    x$fpl$dmul          fz_ws.l(dmul.o)
    0x08003ce8   0x0000009c   Code   RO          450    x$fpl$dnaninf       fz_ws.l(dnaninf.o)
    0x08003d84   0x0000000c   Code   RO          452    x$fpl$dretinf       fz_ws.l(dretinf.o)
    0x08003d90   0x00000016   Code   RO          445    x$fpl$drsb          fz_ws.l(daddsub_clz.o)
    0x08003da6   0x00000002   PAD
    0x08003da8   0x000001cc   Code   RO          584    x$fpl$dsqrt         fz_ws.l(dsqrt_noumaal.o)
    0x08003f74   0x000001d4   Code   RO          446    x$fpl$dsub          fz_ws.l(daddsub_clz.o)
    0x08004148   0x00000056   Code   RO          374    x$fpl$f2d           fz_ws.l(f2d.o)
    0x0800419e   0x00000002   PAD
    0x080041a0   0x00000102   Code   RO          376    x$fpl$fmul          fz_ws.l(fmul.o)
    0x080042a2   0x0000008c   Code   RO          454    x$fpl$fnaninf       fz_ws.l(fnaninf.o)
    0x0800432e   0x0000000a   Code   RO          456    x$fpl$fretinf       fz_ws.l(fretinf.o)
    0x08004338   0x00000004   Code   RO          378    x$fpl$printf1       fz_ws.l(printf1.o)
    0x0800433c   0x00000064   Code   RO          652    x$fpl$retnan        fz_ws.l(retnan.o)
    0x080043a0   0x0000005c   Code   RO          458    x$fpl$scalbn        fz_ws.l(scalbn.o)
    0x080043fc   0x00000030   Code   RO          660    x$fpl$trapveneer    fz_ws.l(trapv.o)
    0x0800442c   0x00000000   Code   RO          460    x$fpl$usenofp       fz_ws.l(usenofp.o)
    0x0800442c   0x00000004   PAD
    0x08004430   0x00000050   Data   RO          382    .constdata          m_ws.l(acos.o)
    0x08004480   0x00000050   Data   RO          392    .constdata          m_ws.l(asin.o)
    0x080044d0   0x00000098   Data   RO          402    .constdata          m_ws.l(atan.o)
    0x08004568   0x00000030   Data   RO          462    .constdata          m_ws.l(cos_i.o)
    0x08004598   0x000000c8   Data   RO          484    .constdata          m_ws.l(rred.o)
    0x08004660   0x00000028   Data   RO          488    .constdata          m_ws.l(sin_i.o)
    0x08004688   0x00000060   Data   RO          502    .constdata          m_ws.l(tan_i.o)
    0x080046e8   0x00000094   Data   RO          539    .constdata          c_w.l(bigflt0.o)
    0x0800477c   0x00000020   Data   RO          730    Region$$Table       anon$$obj.o
    0x0800479c   0x0000001c   Data   RO          567    locale$$data        c_w.l(lc_numeric_c.o)


    Execution Region RW_IRAM1 (Base: 0x20000000, Size: 0x00000760, Max: 0x00010000, ABSOLUTE)

    Base Addr    Size         Type   Attr      Idx    E Section Name        Object

    0x20000000   0x00000014   Data   RW          167    .data               system_stm32f10x.o
    0x20000014   0x00000001   Data   RW          197    .data               key.o
    0x20000015   0x00000001   PAD
    0x20000016   0x00000004   Data   RW          210    .data               delay.o
    0x2000001a   0x00000002   PAD
    0x2000001c   0x00000006   Data   RW          242    .data               usart.o
    0x20000022   0x00000014   Data   RW          305    .data               stm32f10x_rcc.o
    0x20000036   0x00000002   PAD
    0x20000038   0x000000c8   Zero   RW          241    .bss                usart.o
    0x20000100   0x00000060   Zero   RW          589    .bss                c_w.l(libspace.o)
    0x20000160   0x00000200   Zero   RW          274    HEAP                startup_stm32f10x_hd.o
    0x20000360   0x00000400   Zero   RW          273    STACK               startup_stm32f10x_hd.o


==============================================================================

Image component sizes


      Code (inc. data)   RO Data    RW Data    ZI Data      Debug   Object Name

       212         18          0          4          0        991   delay.o
       252         12          0          1          0        816   key.o
        76          8          0          0          0        483   led.o
       412         52          0          0          0     233167   main.o
       220         22          0          0          0       1769   misc.o
        64         26        304          0       1536        780   startup_stm32f10x_hd.o
       860         38          0          0          0       5613   stm32f10x_gpio.o
        26          0          0          0          0       1166   stm32f10x_it.o
       932         36          0         20          0       8768   stm32f10x_rcc.o
      1032         22          0          0          0       8340   stm32f10x_usart.o
         0          0          0          0          0         32   sys.o
       480         38          0         20          0       1695   system_stm32f10x.o
       320         18          0          6        200       3062   usart.o

    ----------------------------------------------------------------------
      4888        290        336         56       1736     266682   Object Totals
         0          0         32          0          0          0   (incl. Generated)
         2          0          0          5          0          0   (incl. Padding)

    ----------------------------------------------------------------------

      Code (inc. data)   RO Data    RW Data    ZI Data      Debug   Library Member Name

         8          0          0          0          0         68   __main.o
       104          0          0          0          0         84   __printf.o
         0          0          0          0          0          0   __rtentry.o
        12          0          0          0          0          0   __rtentry2.o
         6          0          0          0          0          0   __rtentry4.o
        52          8          0          0          0          0   __scatter.o
        26          0          0          0          0          0   __scatter_copy.o
        28          0          0          0          0          0   __scatter_zi.o
        48          6          0          0          0         96   _printf_char_common.o
        36          4          0          0          0         80   _printf_char_file.o
         6          0          0          0          0          0   _printf_f.o
      1050          0          0          0          0        216   _printf_fp_dec.o
       128         16          0          0          0         84   _printf_fp_infnan.o
         0          0          0          0          0          0   _printf_percent.o
         4          0          0          0          0          0   _printf_percent_end.o
        22          0          0          0          0        100   _rserrno.o
       220          4        148          0          0         96   bigflt0.o
      1910        128          0          0          0        672   btod.o
        12          0          0          0          0         72   exit.o
         8          0          0          0          0         68   ferror.o
         6          0          0          0          0        152   heapauxi.o
        44         10         28          0          0         76   lc_numeric_c.o
         2          0          0          0          0          0   libinit.o
        18          0          0          0          0          0   libinit2.o
         2          0          0          0          0          0   libshutdown.o
         2          0          0          0          0          0   libshutdown2.o
         8          4          0          0         96         68   libspace.o
       138          0          0          0          0         80   lludiv10.o
        24          4          0          0          0         84   noretval__2printf.o
         8          4          0          0          0         68   rt_errno_addr_intlibspace.o
         8          4          0          0          0         68   rt_locale_intlibspace.o
         2          0          0          0          0          0   rtexit.o
        10          0          0          0          0          0   rtexit2.o
       128          0          0          0          0         68   strcmpv7m.o
        74          0          0          0          0         80   sys_stackheap_outer.o
         2          0          0          0          0         68   use_no_semi.o
         2          0          0          0          0         68   use_no_semi_2.o
        98          4          0          0          0         92   d2f.o
       826         16          0          0          0        348   daddsub_clz.o
        16          4          0          0          0         68   dcheck1.o
       688        140          0          0          0        208   ddiv.o
        94          4          0          0          0         92   dfix.o
        84          0          0          0          0        136   dflt_clz.o
       340         12          0          0          0        104   dmul.o
       156          4          0          0          0         92   dnaninf.o
        12          0          0          0          0         68   dretinf.o
       460         56          0          0          0        120   dsqrt_noumaal.o
        86          4          0          0          0         84   f2d.o
       258          4          0          0          0         84   fmul.o
       140          4          0          0          0         84   fnaninf.o
        10          0          0          0          0         68   fretinf.o
         4          0          0          0          0         68   printf1.o
       100          0          0          0          0         68   retnan.o
        92          0          0          0          0         68   scalbn.o
        48          0          0          0          0         68   trapv.o
         0          0          0          0          0          0   usenofp.o
       636         62         80          0          0        188   acos.o
       624         52         80          0          0        168   asin.o
       544         70        152          0          0        124   atan.o
       156          8          0          0          0        104   cos.o
       252         22         48          0          0        124   cos_i.o
        34          6          0          0          0        204   dunder.o
        40          0          0          0          0         68   fpclassify.o
       170          0          0          0          0         96   poly.o
       904         76        200          0          0        140   rred.o
       160         10          0          0          0        108   sin.o
       236         12         40          0          0        128   sin_i.o
        76          0          0          0          0         84   sqrt.o
       100         10          0          0          0         96   tan.o
       636         50         96          0          0        168   tan_i.o

    ----------------------------------------------------------------------
     12264        822        872          0         96       6236   Library Totals
        26          0          0          0          0          0   (incl. Padding)

    ----------------------------------------------------------------------

      Code (inc. data)   RO Data    RW Data    ZI Data      Debug   Library Name

      4158        192        176          0         96       2516   c_w.l
      3512        252          0          0          0       1920   fz_ws.l
      4568        378        696          0          0       1800   m_ws.l

    ----------------------------------------------------------------------
     12264        822        872          0         96       6236   Library Totals

    ----------------------------------------------------------------------

==============================================================================


      Code (inc. data)   RO Data    RW Data    ZI Data      Debug   

     17152       1112       1208         56       1832     268858   Grand Totals
     17152       1112       1208         56       1832     268858   ELF Image Totals
     17152       1112       1208         56          0          0   ROM Totals

==============================================================================

    Total RO  Size (Code + RO Data)                18360 (  17.93kB)
    Total RW  Size (RW Data + ZI Data)              1888 (   1.84kB)
    Total ROM Size (Code + RO Data + RW Data)      18416 (  17.98kB)

==============================================================================

