<html>
<body>
<pre>
<h1>礦ision Build Log</h1>
<h2>Tool Versions:</h2>
IDE-Version: μVision V5.12.0.0
Copyright (C) 2014 ARM Ltd and ARM Germany GmbH. All rights reserved.
License Information: base last, many, LIC=1WS9U-SWXLJ-22GL4-FI5NZ-RY7SR-FQVXU
 
Tool Versions:
Toolchain:       MDK-ARM Professional  Version: 5.12.0.0
Toolchain Path:  C:\Keil_v5\ARM\ARMCC\Bin
C Compiler:      Armcc.exe V5.05 (build 41)
Assembler:       Armasm.exe V5.05 (build 41)
Linker/Locator:  ArmLink.exe V5.05 (build 41)
Library Manager: ArmAr.exe V5.05 (build 41)
Hex Converter:   FromElf.exe V5.05 (build 41)
CPU DLL:         SARMCM3.DLL V5.12.0.0
Dialog DLL:      DCM.DLL V1.13.0.0
    Target DLL: STLink\ST-LINKIII-KEIL_SWO.dll
Dialog DLL:      TCM.DLL V1.14.2.0
 
<h2>Project:</h2>
E:\1.STM32\STM32\1.1STM32file_2\5.0TIM定时器\3.1输入捕获PWM波\USER\Template.uvprojx
Project File Date:  07/02/2020

<h2>Output:</h2>
Build target 'Template'
compiling timer_General.c...
..\HARDWARE\timer_General\timer_General.c(86): warning:  #1-D: last line of file ends without a newline
  //        100%      34V      4.0        无     20V
..\HARDWARE\timer_General\timer_General.c: 1 warning, 0 errors
linking...
Program Size: Code=13622 RO-data=606 RW-data=64 ZI-data=1832  
FromELF: creating hex file...
"..\OBJ\Template.axf" - 0 Error(s), 1 Warning(s).

<h2>Collection of Component include folders:</h2>
  E:\1.STM32\STM32\1.1STM32file_2\5.0TIM定时器\3.1输入捕获PWM波\USER\RTE
  C:\Keil_v5\ARM\PACK\Keil\STM32F1xx_DFP\1.0.5\Device\Include

<h2>Collection of Component Files used:</h2>
Load "..\\OBJ\\Template.axf" 
Erase Done.
Programming Done.
Verify OK.
Application running ...
</pre>
</body>
</html>
