<html>
<body>
<pre>
<h1>礦ision Build Log</h1>
<h2>Tool Versions:</h2>
IDE-Version: μVision V5.12.0.0
Copyright (C) 2014 ARM Ltd and ARM Germany GmbH. All rights reserved.
License Information: base last, many, LIC=1WS9U-SWXLJ-22GL4-FI5NZ-RY7SR-FQVXU
 
Tool Versions:
Toolchain:       MDK-ARM Professional  Version: 5.12.0.0
Toolchain Path:  C:\Keil_v5\ARM\ARMCC\Bin
C Compiler:      Armcc.exe V5.05 (build 41)
Assembler:       Armasm.exe V5.05 (build 41)
Linker/Locator:  ArmLink.exe V5.05 (build 41)
Library Manager: ArmAr.exe V5.05 (build 41)
Hex Converter:   FromElf.exe V5.05 (build 41)
CPU DLL:         SARMCM3.DLL V5.12.0.0
Dialog DLL:      DARMSTM.DLL V1.65.0.0
    Target DLL: STLink\ST-LINKIII-KEIL_SWO.dll
Dialog DLL:      TARMSTM.DLL V1.64.0.0
 
<h2>Project:</h2>
E:\1.STM32\STM32\1.1STM32file_2\3.0IIC\1.程序\0.1模拟IIC\模拟i2c\Project\RVMDK（uv5）\BH-F103.uvprojx
Project File Date:  05/22/2020

<h2>Output:</h2>
Build target 'AT24C02'
compiling main.c...
..\..\User\main.c(18): warning:  #177-D: variable "i" was declared but never referenced
        u16 i;
..\..\User\main.c(19): warning:  #177-D: variable "WriteData" was declared but never referenced
      u8 WriteData[256];//定义要在初始化前，赋值要在初始化后
..\..\User\main.c(20): warning:  #177-D: variable "ReadData" was declared but never referenced
        u8 ReadData[256];
..\..\User\main.c: 3 warnings, 0 errors
compiling bsp_i2c_ee.c...
linking...
Program Size: Code=6424 RO-data=336 RW-data=44 ZI-data=1028  
FromELF: creating hex file...
"..\..\Output\Template.axf" - 0 Error(s), 3 Warning(s).

<h2>Collection of Component include folders:</h2>
  E:\1.STM32\STM32\1.1STM32file_2\3.0IIC\1.程序\0.1模拟IIC\模拟i2c\Project\RVMDK（uv5）\RTE
  C:\Keil_v5\ARM\PACK\Keil\STM32F1xx_DFP\1.0.5\Device\Include

<h2>Collection of Component Files used:</h2>
Load "..\\..\\Output\\Template.axf" 
Erase Done.
Programming Done.
Verify OK.
Application running ...
</pre>
</body>
</html>
ogramming Done.
Verify OK.
Application running ...
